Archive member included because of file (symbol)

c:/winavr-20100110/bin/../lib/gcc/avr/4.3.3/avr5\libgcc.a(_exit.o)
                              c:/winavr-20100110/bin/../lib/gcc/avr/4.3.3/../../../../avr/lib/avr5/crtm32u4.o (exit)
c:/winavr-20100110/bin/../lib/gcc/avr/4.3.3/avr5\libgcc.a(_copy_data.o)
                              estick-jtag.o (__do_copy_data)
c:/winavr-20100110/bin/../lib/gcc/avr/4.3.3/avr5\libgcc.a(_clear_bss.o)
                              estick-jtag.o (__do_clear_bss)

Allocating common symbols
Common symbol       size              file

USB_IsInitialized   0x1               ../LUFA090605/LUFA/Drivers/USB/HighLevel/USBTask.o
USB_CurrentlySelfPowered
                    0x1               ../LUFA090605/LUFA/Drivers/USB/LowLevel/DevChapter9.o
USB_RemoteWakeupEnabled
                    0x1               ../LUFA090605/LUFA/Drivers/USB/LowLevel/DevChapter9.o
USB_IsConnected     0x1               ../LUFA090605/LUFA/Drivers/USB/HighLevel/USBTask.o
usbBuffer           0x16a             estick-jtag.o
Scheduler_TotalTasks
                    0x1               ../LUFA090605/LUFA/Scheduler/Scheduler.o
USB_ControlRequest  0x8               ../LUFA090605/LUFA/Drivers/USB/HighLevel/USBTask.o
USB_ConfigurationNumber
                    0x1               ../LUFA090605/LUFA/Drivers/USB/LowLevel/DevChapter9.o
Scheduler_TickCounter
                    0x2               ../LUFA090605/LUFA/Scheduler/Scheduler.o
USB_IsSuspended     0x1               ../LUFA090605/LUFA/Drivers/USB/HighLevel/USBTask.o

Discarded input sections

 .data          0x00000000        0x0 c:/winavr-20100110/bin/../lib/gcc/avr/4.3.3/../../../../avr/lib/avr5/crtm32u4.o
 .bss           0x00000000        0x0 c:/winavr-20100110/bin/../lib/gcc/avr/4.3.3/../../../../avr/lib/avr5/crtm32u4.o
 .text          0x00000000        0x0 estick-jtag.o
 .text          0x00000000        0x0 Descriptors.o
 .data          0x00000000        0x0 Descriptors.o
 .bss           0x00000000        0x0 Descriptors.o
 .text          0x00000000        0x0 jtag_functions.o
 .data          0x00000000        0x0 jtag_functions.o
 .text          0x00000000        0x0 ../LUFA090605/LUFA/Scheduler/Scheduler.o
 .data          0x00000000        0x0 ../LUFA090605/LUFA/Scheduler/Scheduler.o
 .bss           0x00000000        0x0 ../LUFA090605/LUFA/Scheduler/Scheduler.o
 .text.Scheduler_HasDelayElapsed
                0x00000000        0x0 ../LUFA090605/LUFA/Scheduler/Scheduler.o
 .text.Scheduler_SetGroupTaskMode
                0x00000000        0x0 ../LUFA090605/LUFA/Scheduler/Scheduler.o
 .text          0x00000000        0x0 ../LUFA090605/LUFA/Drivers/USB/LowLevel/DevChapter9.o
 .data          0x00000000        0x0 ../LUFA090605/LUFA/Drivers/USB/LowLevel/DevChapter9.o
 .bss           0x00000000        0x0 ../LUFA090605/LUFA/Drivers/USB/LowLevel/DevChapter9.o
 .text          0x00000000        0x0 ../LUFA090605/LUFA/Drivers/USB/LowLevel/Endpoint.o
 .data          0x00000000        0x0 ../LUFA090605/LUFA/Drivers/USB/LowLevel/Endpoint.o
 .bss           0x00000000        0x0 ../LUFA090605/LUFA/Drivers/USB/LowLevel/Endpoint.o
 .text.Endpoint_BytesToEPSizeMaskDynamic
                0x00000000        0x0 ../LUFA090605/LUFA/Drivers/USB/LowLevel/Endpoint.o
 .text.Endpoint_Discard_Stream
                0x00000000        0x0 ../LUFA090605/LUFA/Drivers/USB/LowLevel/Endpoint.o
 .text.Endpoint_Write_Stream_BE
                0x00000000        0x0 ../LUFA090605/LUFA/Drivers/USB/LowLevel/Endpoint.o
 .text.Endpoint_Read_Stream_BE
                0x00000000        0x0 ../LUFA090605/LUFA/Drivers/USB/LowLevel/Endpoint.o
 .text.Endpoint_Write_Control_Stream_LE
                0x00000000        0x0 ../LUFA090605/LUFA/Drivers/USB/LowLevel/Endpoint.o
 .text.Endpoint_Write_Control_Stream_BE
                0x00000000        0x0 ../LUFA090605/LUFA/Drivers/USB/LowLevel/Endpoint.o
 .text.Endpoint_Read_Control_Stream_LE
                0x00000000        0x0 ../LUFA090605/LUFA/Drivers/USB/LowLevel/Endpoint.o
 .text.Endpoint_Read_Control_Stream_BE
                0x00000000        0x0 ../LUFA090605/LUFA/Drivers/USB/LowLevel/Endpoint.o
 .text          0x00000000        0x0 ../LUFA090605/LUFA/Drivers/USB/LowLevel/Host.o
 .data          0x00000000        0x0 ../LUFA090605/LUFA/Drivers/USB/LowLevel/Host.o
 .bss           0x00000000        0x0 ../LUFA090605/LUFA/Drivers/USB/LowLevel/Host.o
 .text          0x00000000        0x0 ../LUFA090605/LUFA/Drivers/USB/LowLevel/HostChapter9.o
 .data          0x00000000        0x0 ../LUFA090605/LUFA/Drivers/USB/LowLevel/HostChapter9.o
 .bss           0x00000000        0x0 ../LUFA090605/LUFA/Drivers/USB/LowLevel/HostChapter9.o
 .text          0x00000000        0x0 ../LUFA090605/LUFA/Drivers/USB/LowLevel/LowLevel.o
 .data          0x00000000        0x0 ../LUFA090605/LUFA/Drivers/USB/LowLevel/LowLevel.o
 .bss           0x00000000        0x0 ../LUFA090605/LUFA/Drivers/USB/LowLevel/LowLevel.o
 .text          0x00000000        0x0 ../LUFA090605/LUFA/Drivers/USB/LowLevel/Pipe.o
 .data          0x00000000        0x0 ../LUFA090605/LUFA/Drivers/USB/LowLevel/Pipe.o
 .bss           0x00000000        0x0 ../LUFA090605/LUFA/Drivers/USB/LowLevel/Pipe.o
 .text          0x00000000        0x0 ../LUFA090605/LUFA/Drivers/USB/HighLevel/Events.o
 .data          0x00000000        0x0 ../LUFA090605/LUFA/Drivers/USB/HighLevel/Events.o
 .bss           0x00000000        0x0 ../LUFA090605/LUFA/Drivers/USB/HighLevel/Events.o
 .text          0x00000000        0x0 ../LUFA090605/LUFA/Drivers/USB/HighLevel/USBInterrupt.o
 .data          0x00000000        0x0 ../LUFA090605/LUFA/Drivers/USB/HighLevel/USBInterrupt.o
 .bss           0x00000000        0x0 ../LUFA090605/LUFA/Drivers/USB/HighLevel/USBInterrupt.o
 .text          0x00000000        0x0 ../LUFA090605/LUFA/Drivers/USB/HighLevel/USBTask.o
 .data          0x00000000        0x0 ../LUFA090605/LUFA/Drivers/USB/HighLevel/USBTask.o
 .bss           0x00000000        0x0 ../LUFA090605/LUFA/Drivers/USB/HighLevel/USBTask.o
 .text          0x00000000        0x0 ../LUFA090605/LUFA/Drivers/USB/HighLevel/ConfigDescriptor.o
 .data          0x00000000        0x0 ../LUFA090605/LUFA/Drivers/USB/HighLevel/ConfigDescriptor.o
 .bss           0x00000000        0x0 ../LUFA090605/LUFA/Drivers/USB/HighLevel/ConfigDescriptor.o
 .text.USB_GetNextDescriptorOfType
                0x00000000        0x0 ../LUFA090605/LUFA/Drivers/USB/HighLevel/ConfigDescriptor.o
 .text.USB_GetNextDescriptorOfTypeBefore
                0x00000000        0x0 ../LUFA090605/LUFA/Drivers/USB/HighLevel/ConfigDescriptor.o
 .text.USB_GetNextDescriptorOfTypeAfter
                0x00000000        0x0 ../LUFA090605/LUFA/Drivers/USB/HighLevel/ConfigDescriptor.o
 .text.USB_GetNextDescriptorComp
                0x00000000        0x0 ../LUFA090605/LUFA/Drivers/USB/HighLevel/ConfigDescriptor.o
 .text          0x00000000        0x0 ../LUFA090605/LUFA/Drivers/USB/Class/HIDParser.o
 .data          0x00000000        0x0 ../LUFA090605/LUFA/Drivers/USB/Class/HIDParser.o
 .bss           0x00000000        0x0 ../LUFA090605/LUFA/Drivers/USB/Class/HIDParser.o
 .text.USB_GetHIDReportItemInfo
                0x00000000        0x0 ../LUFA090605/LUFA/Drivers/USB/Class/HIDParser.o
 .text.USB_SetHIDReportItemInfo
                0x00000000        0x0 ../LUFA090605/LUFA/Drivers/USB/Class/HIDParser.o
 .text.USB_ProcessHIDReport
                0x00000000        0x0 ../LUFA090605/LUFA/Drivers/USB/Class/HIDParser.o
 .text          0x00000000        0x0 c:/winavr-20100110/bin/../lib/gcc/avr/4.3.3/avr5\libgcc.a(_exit.o)
 .data          0x00000000        0x0 c:/winavr-20100110/bin/../lib/gcc/avr/4.3.3/avr5\libgcc.a(_exit.o)
 .bss           0x00000000        0x0 c:/winavr-20100110/bin/../lib/gcc/avr/4.3.3/avr5\libgcc.a(_exit.o)
 .text.libgcc   0x00000000        0x0 c:/winavr-20100110/bin/../lib/gcc/avr/4.3.3/avr5\libgcc.a(_exit.o)
 .text          0x00000000        0x0 c:/winavr-20100110/bin/../lib/gcc/avr/4.3.3/avr5\libgcc.a(_copy_data.o)
 .data          0x00000000        0x0 c:/winavr-20100110/bin/../lib/gcc/avr/4.3.3/avr5\libgcc.a(_copy_data.o)
 .bss           0x00000000        0x0 c:/winavr-20100110/bin/../lib/gcc/avr/4.3.3/avr5\libgcc.a(_copy_data.o)
 .text.libgcc   0x00000000        0x0 c:/winavr-20100110/bin/../lib/gcc/avr/4.3.3/avr5\libgcc.a(_copy_data.o)
 .text          0x00000000        0x0 c:/winavr-20100110/bin/../lib/gcc/avr/4.3.3/avr5\libgcc.a(_clear_bss.o)
 .data          0x00000000        0x0 c:/winavr-20100110/bin/../lib/gcc/avr/4.3.3/avr5\libgcc.a(_clear_bss.o)
 .bss           0x00000000        0x0 c:/winavr-20100110/bin/../lib/gcc/avr/4.3.3/avr5\libgcc.a(_clear_bss.o)
 .text.libgcc   0x00000000        0x0 c:/winavr-20100110/bin/../lib/gcc/avr/4.3.3/avr5\libgcc.a(_clear_bss.o)

Memory Configuration

Name             Origin             Length             Attributes
text             0x00000000         0x00020000         xr
data             0x00800060         0x0000ffa0         rw !x
eeprom           0x00810000         0x00010000         rw !x
fuse             0x00820000         0x00000400         rw !x
lock             0x00830000         0x00000400         rw !x
signature        0x00840000         0x00000400         rw !x
*default*        0x00000000         0xffffffff

Linker script and memory map

Address of section .data set to 0x800100
LOAD c:/winavr-20100110/bin/../lib/gcc/avr/4.3.3/../../../../avr/lib/avr5/crtm32u4.o
LOAD estick-jtag.o
LOAD Descriptors.o
LOAD jtag_functions.o
LOAD ../LUFA090605/LUFA/Scheduler/Scheduler.o
LOAD ../LUFA090605/LUFA/Drivers/USB/LowLevel/DevChapter9.o
LOAD ../LUFA090605/LUFA/Drivers/USB/LowLevel/Endpoint.o
LOAD ../LUFA090605/LUFA/Drivers/USB/LowLevel/Host.o
LOAD ../LUFA090605/LUFA/Drivers/USB/LowLevel/HostChapter9.o
LOAD ../LUFA090605/LUFA/Drivers/USB/LowLevel/LowLevel.o
LOAD ../LUFA090605/LUFA/Drivers/USB/LowLevel/Pipe.o
LOAD ../LUFA090605/LUFA/Drivers/USB/HighLevel/Events.o
LOAD ../LUFA090605/LUFA/Drivers/USB/HighLevel/USBInterrupt.o
LOAD ../LUFA090605/LUFA/Drivers/USB/HighLevel/USBTask.o
LOAD ../LUFA090605/LUFA/Drivers/USB/HighLevel/ConfigDescriptor.o
LOAD ../LUFA090605/LUFA/Drivers/USB/Class/HIDParser.o
LOAD c:/winavr-20100110/bin/../lib/gcc/avr/4.3.3/../../../../avr/lib/avr5\libm.a
LOAD c:/winavr-20100110/bin/../lib/gcc/avr/4.3.3/avr5\libgcc.a
LOAD c:/winavr-20100110/bin/../lib/gcc/avr/4.3.3/../../../../avr/lib/avr5\libc.a
LOAD c:/winavr-20100110/bin/../lib/gcc/avr/4.3.3/avr5\libgcc.a

.hash
 *(.hash)

.dynsym
 *(.dynsym)

.dynstr
 *(.dynstr)

.gnu.version
 *(.gnu.version)

.gnu.version_d
 *(.gnu.version_d)

.gnu.version_r
 *(.gnu.version_r)

.rel.init
 *(.rel.init)

.rela.init
 *(.rela.init)

.rel.text
 *(.rel.text)
 *(.rel.text.*)
 *(.rel.gnu.linkonce.t*)

.rela.text
 *(.rela.text)
 *(.rela.text.*)
 *(.rela.gnu.linkonce.t*)

.rel.fini
 *(.rel.fini)

.rela.fini
 *(.rela.fini)

.rel.rodata
 *(.rel.rodata)
 *(.rel.rodata.*)
 *(.rel.gnu.linkonce.r*)

.rela.rodata
 *(.rela.rodata)
 *(.rela.rodata.*)
 *(.rela.gnu.linkonce.r*)

.rel.data
 *(.rel.data)
 *(.rel.data.*)
 *(.rel.gnu.linkonce.d*)

.rela.data
 *(.rela.data)
 *(.rela.data.*)
 *(.rela.gnu.linkonce.d*)

.rel.ctors
 *(.rel.ctors)

.rela.ctors
 *(.rela.ctors)

.rel.dtors
 *(.rel.dtors)

.rela.dtors
 *(.rela.dtors)

.rel.got
 *(.rel.got)

.rela.got
 *(.rela.got)

.rel.bss
 *(.rel.bss)

.rela.bss
 *(.rela.bss)

.rel.plt
 *(.rel.plt)

.rela.plt
 *(.rela.plt)

.text           0x00000000     0x117c
 *(.vectors)
 .vectors       0x00000000       0xac c:/winavr-20100110/bin/../lib/gcc/avr/4.3.3/../../../../avr/lib/avr5/crtm32u4.o
                0x00000000                __vectors
                0x00000000                __vector_default
 *(.vectors)
 *(.progmem.gcc*)
 *(.progmem*)
 .progmem.data  0x000000ac       0x9a Descriptors.o
                0x000000e2                ManufacturerString
                0x0000012a                SerialNumberString
                0x000000de                LanguageString
                0x000000ac                DeviceDescriptor
                0x00000110                ProductString
                0x000000be                ConfigurationDescriptor
                0x00000146                . = ALIGN (0x2)
                0x00000146                __trampolines_start = .
 *(.trampolines)
 .trampolines   0x00000146        0x0 linker stubs
 *(.trampolines*)
                0x00000146                __trampolines_end = .
 *(.jumptables)
 *(.jumptables*)
 *(.lowtext)
 *(.lowtext*)
                0x00000146                __ctors_start = .
 *(.ctors)
                0x00000146                __ctors_end = .
                0x00000146                __dtors_start = .
 *(.dtors)
                0x00000146                __dtors_end = .
 SORT(*)(.ctors)
 SORT(*)(.dtors)
 *(.init0)
 .init0         0x00000146        0x0 c:/winavr-20100110/bin/../lib/gcc/avr/4.3.3/../../../../avr/lib/avr5/crtm32u4.o
                0x00000146                __init
 *(.init0)
 *(.init1)
 *(.init1)
 *(.init2)
 .init2         0x00000146        0xc c:/winavr-20100110/bin/../lib/gcc/avr/4.3.3/../../../../avr/lib/avr5/crtm32u4.o
 *(.init2)
 *(.init3)
 *(.init3)
 *(.init4)
 .init4         0x00000152       0x16 c:/winavr-20100110/bin/../lib/gcc/avr/4.3.3/avr5\libgcc.a(_copy_data.o)
                0x00000152                __do_copy_data
 .init4         0x00000168       0x10 c:/winavr-20100110/bin/../lib/gcc/avr/4.3.3/avr5\libgcc.a(_clear_bss.o)
                0x00000168                __do_clear_bss
 *(.init4)
 *(.init5)
 *(.init5)
 *(.init6)
 *(.init6)
 *(.init7)
 *(.init7)
 *(.init8)
 *(.init8)
 *(.init9)
 .init9         0x00000178        0x4 c:/winavr-20100110/bin/../lib/gcc/avr/4.3.3/../../../../avr/lib/avr5/crtm32u4.o
 *(.init9)
 *(.text)
 .text          0x0000017c        0x2 c:/winavr-20100110/bin/../lib/gcc/avr/4.3.3/../../../../avr/lib/avr5/crtm32u4.o
                0x0000017c                __vector_38
                0x0000017c                __vector_22
                0x0000017c                __vector_28
                0x0000017c                __vector_1
                0x0000017c                __vector_32
                0x0000017c                __vector_34
                0x0000017c                __vector_24
                0x0000017c                __vector_12
                0x0000017c                __bad_interrupt
                0x0000017c                __vector_6
                0x0000017c                __vector_31
                0x0000017c                __vector_35
                0x0000017c                __vector_39
                0x0000017c                __vector_3
                0x0000017c                __vector_23
                0x0000017c                __vector_30
                0x0000017c                __vector_25
                0x0000017c                __vector_11
                0x0000017c                __vector_13
                0x0000017c                __vector_17
                0x0000017c                __vector_19
                0x0000017c                __vector_7
                0x0000017c                __vector_41
                0x0000017c                __vector_27
                0x0000017c                __vector_5
                0x0000017c                __vector_33
                0x0000017c                __vector_37
                0x0000017c                __vector_4
                0x0000017c                __vector_9
                0x0000017c                __vector_2
                0x0000017c                __vector_21
                0x0000017c                __vector_15
                0x0000017c                __vector_36
                0x0000017c                __vector_29
                0x0000017c                __vector_40
                0x0000017c                __vector_8
                0x0000017c                __vector_26
                0x0000017c                __vector_14
                0x0000017c                __vector_16
                0x0000017c                __vector_18
                0x0000017c                __vector_20
                0x0000017c                __vector_42
                0x0000017e                . = ALIGN (0x2)
 *(.text.*)
 .text.EVENT_USB_UnhandledControlPacket
                0x0000017e       0x2e estick-jtag.o
                0x0000017e                EVENT_USB_UnhandledControlPacket
 .text.USB_MainTask
                0x000001ac      0x238 estick-jtag.o
                0x000001ac                USB_MainTask
 .text.EVENT_USB_ConfigurationChanged
                0x000003e4       0x1e estick-jtag.o
                0x000003e4                EVENT_USB_ConfigurationChanged
 .text.EVENT_USB_Disconnect
                0x00000402       0x10 estick-jtag.o
                0x00000402                EVENT_USB_Disconnect
 .text.EVENT_USB_Connect
                0x00000412       0x10 estick-jtag.o
                0x00000412                EVENT_USB_Connect
 .text.main     0x00000422       0xa8 estick-jtag.o
                0x00000422                main
 .text.CALLBACK_USB_GetDescriptor
                0x000004ca       0x68 Descriptors.o
                0x000004ca                CALLBACK_USB_GetDescriptor
 .text.jtag_init
                0x00000532       0x12 jtag_functions.o
                0x00000532                jtag_init
 .text.jtag_tap_output_max_speed
                0x00000544      0x144 jtag_functions.o
                0x00000544                jtag_tap_output_max_speed
 .text.jtag_tap_output_with_delay
                0x00000688      0x17e jtag_functions.o
                0x00000688                jtag_tap_output_with_delay
 .text.jtag_tap_output_emu
                0x00000806      0x1a2 jtag_functions.o
                0x00000806                jtag_tap_output_emu
 .text.jtag_read_input
                0x000009a8       0x20 jtag_functions.o
                0x000009a8                jtag_read_input
 .text.jtag_set_trst
                0x000009c8        0xa jtag_functions.o
                0x000009c8                jtag_set_trst
 .text.jtag_set_srst
                0x000009d2        0xe jtag_functions.o
                0x000009d2                jtag_set_srst
 .text.jtag_set_trst_srst
                0x000009e0       0x10 jtag_functions.o
                0x000009e0                jtag_set_trst_srst
 .text.Scheduler_SetTaskMode
                0x000009f0       0x32 ../LUFA090605/LUFA/Scheduler/Scheduler.o
                0x000009f0                Scheduler_SetTaskMode
 .text.USB_Device_ProcessControlPacket
                0x00000a22      0x332 ../LUFA090605/LUFA/Drivers/USB/LowLevel/DevChapter9.o
                0x00000a22                USB_Device_ProcessControlPacket
 .text.Endpoint_ConfigureEndpoint_Prv
                0x00000d54       0x26 ../LUFA090605/LUFA/Drivers/USB/LowLevel/Endpoint.o
                0x00000d54                Endpoint_ConfigureEndpoint_Prv
 .text.Endpoint_ClearEndpoints
                0x00000d7a       0x2e ../LUFA090605/LUFA/Drivers/USB/LowLevel/Endpoint.o
                0x00000d7a                Endpoint_ClearEndpoints
 .text.Endpoint_WaitUntilReady
                0x00000da8       0x60 ../LUFA090605/LUFA/Drivers/USB/LowLevel/Endpoint.o
                0x00000da8                Endpoint_WaitUntilReady
 .text.Endpoint_Write_Stream_LE
                0x00000e08       0x62 ../LUFA090605/LUFA/Drivers/USB/LowLevel/Endpoint.o
                0x00000e08                Endpoint_Write_Stream_LE
 .text.Endpoint_Read_Stream_LE
                0x00000e6a       0x62 ../LUFA090605/LUFA/Drivers/USB/LowLevel/Endpoint.o
                0x00000e6a                Endpoint_Read_Stream_LE
 .text.USB_ResetInterface
                0x00000ecc       0x84 ../LUFA090605/LUFA/Drivers/USB/LowLevel/LowLevel.o
                0x00000ecc                USB_ResetInterface
 .text.USB_ShutDown
                0x00000f50       0x3c ../LUFA090605/LUFA/Drivers/USB/LowLevel/LowLevel.o
                0x00000f50                USB_ShutDown
 .text.USB_Init
                0x00000f8c       0x18 ../LUFA090605/LUFA/Drivers/USB/LowLevel/LowLevel.o
                0x00000f8c                USB_Init
 .text.USB_Event_Stub
                0x00000fa4        0x2 ../LUFA090605/LUFA/Drivers/USB/HighLevel/Events.o
                0x00000fa4                EVENT_USB_Reset
                0x00000fa4                EVENT_USB_DeviceEnumerationComplete
                0x00000fa4                USB_Event_Stub
                0x00000fa4                EVENT_USB_WakeUp
                0x00000fa4                EVENT_USB_VBUSChange
                0x00000fa4                EVENT_USB_VBUSDisconnect
                0x00000fa4                EVENT_USB_Suspend
                0x00000fa4                EVENT_USB_VBUSConnect
 .text.USB_INT_DisableAllInterrupts
                0x00000fa6       0x10 ../LUFA090605/LUFA/Drivers/USB/HighLevel/USBInterrupt.o
                0x00000fa6                USB_INT_DisableAllInterrupts
 .text.USB_INT_ClearAllInterrupts
                0x00000fb6        0xa ../LUFA090605/LUFA/Drivers/USB/HighLevel/USBInterrupt.o
                0x00000fb6                USB_INT_ClearAllInterrupts
 .text.__vector_10
                0x00000fc0      0x188 ../LUFA090605/LUFA/Drivers/USB/HighLevel/USBInterrupt.o
                0x00000fc0                __vector_10
 .text.USB_USBTask
                0x00001148       0x30 ../LUFA090605/LUFA/Drivers/USB/HighLevel/USBTask.o
                0x00001148                USB_USBTask
                0x00001178                . = ALIGN (0x2)
 *(.fini9)
 .fini9         0x00001178        0x0 c:/winavr-20100110/bin/../lib/gcc/avr/4.3.3/avr5\libgcc.a(_exit.o)
                0x00001178                exit
                0x00001178                _exit
 *(.fini9)
 *(.fini8)
 *(.fini8)
 *(.fini7)
 *(.fini7)
 *(.fini6)
 *(.fini6)
 *(.fini5)
 *(.fini5)
 *(.fini4)
 *(.fini4)
 *(.fini3)
 *(.fini3)
 *(.fini2)
 *(.fini2)
 *(.fini1)
 *(.fini1)
 *(.fini0)
 .fini0         0x00001178        0x4 c:/winavr-20100110/bin/../lib/gcc/avr/4.3.3/avr5\libgcc.a(_exit.o)
 *(.fini0)
                0x0000117c                _etext = .

.data           0x00800100        0xc load address 0x0000117c
                0x00800100                PROVIDE (__data_start, .)
 *(.data)
 .data          0x00800100        0xc estick-jtag.o
                0x00800100                Scheduler_TaskList
                0x00800108                dataFromHost
                0x0080010a                dataToHost
 *(.data*)
 *(.rodata)
 *(.rodata*)
 *(.gnu.linkonce.d*)
                0x0080010c                . = ALIGN (0x2)
                0x0080010c                _edata = .
                0x0080010c                PROVIDE (__data_end, .)

.bss            0x0080010c      0x182
                0x0080010c                PROVIDE (__bss_start, .)
 *(.bss)
 .bss           0x0080010c        0x5 estick-jtag.o
                0x0080010e                dataToHostSize
                0x00800110                resetJtagTransfers
                0x0080010c                dataFromHostSize
 .bss           0x00800111        0x2 jtag_functions.o
                0x00800111                jtag_delay
 *(.bss*)
 *(COMMON)
 COMMON         0x00800113      0x16a estick-jtag.o
                0x00800113                usbBuffer
 COMMON         0x0080027d        0x3 ../LUFA090605/LUFA/Scheduler/Scheduler.o
                0x0080027d                Scheduler_TotalTasks
                0x0080027e                Scheduler_TickCounter
 COMMON         0x00800280        0x3 ../LUFA090605/LUFA/Drivers/USB/LowLevel/DevChapter9.o
                0x00800280                USB_CurrentlySelfPowered
                0x00800281                USB_RemoteWakeupEnabled
                0x00800282                USB_ConfigurationNumber
 COMMON         0x00800283        0xb ../LUFA090605/LUFA/Drivers/USB/HighLevel/USBTask.o
                0x00800283                USB_IsInitialized
                0x00800284                USB_IsConnected
                0x00800285                USB_ControlRequest
                0x0080028d                USB_IsSuspended
                0x0080028e                PROVIDE (__bss_end, .)
                0x0000117c                __data_load_start = LOADADDR (.data)
                0x00001188                __data_load_end = (__data_load_start + SIZEOF (.data))

.noinit         0x0080028e        0x0
                0x0080028e                PROVIDE (__noinit_start, .)
 *(.noinit*)
                0x0080028e                PROVIDE (__noinit_end, .)
                0x0080028e                _end = .
                0x0080028e                PROVIDE (__heap_start, .)

.eeprom         0x00810000        0x0
 *(.eeprom*)
                0x00810000                __eeprom_end = .

.fuse
 *(.fuse)
 *(.lfuse)
 *(.hfuse)
 *(.efuse)

.lock
 *(.lock*)

.signature
 *(.signature*)

.stab
 *(.stab)

.stabstr
 *(.stabstr)

.stab.excl
 *(.stab.excl)

.stab.exclstr
 *(.stab.exclstr)

.stab.index
 *(.stab.index)

.stab.indexstr
 *(.stab.indexstr)

.comment
 *(.comment)

.debug
 *(.debug)

.line
 *(.line)

.debug_srcinfo
 *(.debug_srcinfo)

.debug_sfnames
 *(.debug_sfnames)

.debug_aranges  0x00000000      0x298
 *(.debug_aranges)
 .debug_aranges
                0x00000000       0x48 estick-jtag.o
 .debug_aranges
                0x00000048       0x20 Descriptors.o
 .debug_aranges
                0x00000068       0x58 jtag_functions.o
 .debug_aranges
                0x000000c0       0x30 ../LUFA090605/LUFA/Scheduler/Scheduler.o
 .debug_aranges
                0x000000f0       0x20 ../LUFA090605/LUFA/Drivers/USB/LowLevel/DevChapter9.o
 .debug_aranges
                0x00000110       0x80 ../LUFA090605/LUFA/Drivers/USB/LowLevel/Endpoint.o
 .debug_aranges
                0x00000190       0x30 ../LUFA090605/LUFA/Drivers/USB/LowLevel/LowLevel.o
 .debug_aranges
                0x000001c0       0x20 ../LUFA090605/LUFA/Drivers/USB/HighLevel/Events.o
 .debug_aranges
                0x000001e0       0x30 ../LUFA090605/LUFA/Drivers/USB/HighLevel/USBInterrupt.o
 .debug_aranges
                0x00000210       0x20 ../LUFA090605/LUFA/Drivers/USB/HighLevel/USBTask.o
 .debug_aranges
                0x00000230       0x38 ../LUFA090605/LUFA/Drivers/USB/HighLevel/ConfigDescriptor.o
 .debug_aranges
                0x00000268       0x30 ../LUFA090605/LUFA/Drivers/USB/Class/HIDParser.o

.debug_pubnames
                0x00000000      0x7ce
 *(.debug_pubnames)
 .debug_pubnames
                0x00000000      0x127 estick-jtag.o
 .debug_pubnames
                0x00000127       0xb5 Descriptors.o
 .debug_pubnames
                0x000001dc       0xd3 jtag_functions.o
 .debug_pubnames
                0x000002af       0x9c ../LUFA090605/LUFA/Scheduler/Scheduler.o
 .debug_pubnames
                0x0000034b       0x8b ../LUFA090605/LUFA/Drivers/USB/LowLevel/DevChapter9.o
 .debug_pubnames
                0x000003d6      0x1b3 ../LUFA090605/LUFA/Drivers/USB/LowLevel/Endpoint.o
 .debug_pubnames
                0x00000589       0x47 ../LUFA090605/LUFA/Drivers/USB/LowLevel/LowLevel.o
 .debug_pubnames
                0x000005d0       0x25 ../LUFA090605/LUFA/Drivers/USB/HighLevel/Events.o
 .debug_pubnames
                0x000005f5       0x62 ../LUFA090605/LUFA/Drivers/USB/HighLevel/USBInterrupt.o
 .debug_pubnames
                0x00000657       0x77 ../LUFA090605/LUFA/Drivers/USB/HighLevel/USBTask.o
 .debug_pubnames
                0x000006ce       0x9b ../LUFA090605/LUFA/Drivers/USB/HighLevel/ConfigDescriptor.o
 .debug_pubnames
                0x00000769       0x65 ../LUFA090605/LUFA/Drivers/USB/Class/HIDParser.o

.debug_info     0x00000000     0x32fa
 *(.debug_info)
 .debug_info    0x00000000      0x493 estick-jtag.o
 .debug_info    0x00000493      0x614 Descriptors.o
 .debug_info    0x00000aa7      0x5d3 jtag_functions.o
 .debug_info    0x0000107a      0x2ab ../LUFA090605/LUFA/Scheduler/Scheduler.o
 .debug_info    0x00001325      0x627 ../LUFA090605/LUFA/Drivers/USB/LowLevel/DevChapter9.o
 .debug_info    0x0000194c      0x898 ../LUFA090605/LUFA/Drivers/USB/LowLevel/Endpoint.o
 .debug_info    0x000021e4        0x0 ../LUFA090605/LUFA/Drivers/USB/LowLevel/Host.o
 .debug_info    0x000021e4        0x0 ../LUFA090605/LUFA/Drivers/USB/LowLevel/HostChapter9.o
 .debug_info    0x000021e4      0x1d1 ../LUFA090605/LUFA/Drivers/USB/LowLevel/LowLevel.o
 .debug_info    0x000023b5        0x0 ../LUFA090605/LUFA/Drivers/USB/LowLevel/Pipe.o
 .debug_info    0x000023b5       0x7d ../LUFA090605/LUFA/Drivers/USB/HighLevel/Events.o
 .debug_info    0x00002432      0x1c8 ../LUFA090605/LUFA/Drivers/USB/HighLevel/USBInterrupt.o
 .debug_info    0x000025fa      0x2a7 ../LUFA090605/LUFA/Drivers/USB/HighLevel/USBTask.o
 .debug_info    0x000028a1      0x4ae ../LUFA090605/LUFA/Drivers/USB/HighLevel/ConfigDescriptor.o
 .debug_info    0x00002d4f      0x5ab ../LUFA090605/LUFA/Drivers/USB/Class/HIDParser.o
 *(.gnu.linkonce.wi.*)

.debug_abbrev   0x00000000     0x116e
 *(.debug_abbrev)
 .debug_abbrev  0x00000000      0x221 estick-jtag.o
 .debug_abbrev  0x00000221      0x162 Descriptors.o
 .debug_abbrev  0x00000383      0x1d8 jtag_functions.o
 .debug_abbrev  0x0000055b      0x179 ../LUFA090605/LUFA/Scheduler/Scheduler.o
 .debug_abbrev  0x000006d4      0x1cb ../LUFA090605/LUFA/Drivers/USB/LowLevel/DevChapter9.o
 .debug_abbrev  0x0000089f      0x23a ../LUFA090605/LUFA/Drivers/USB/LowLevel/Endpoint.o
 .debug_abbrev  0x00000ad9        0x1 ../LUFA090605/LUFA/Drivers/USB/LowLevel/Host.o
 .debug_abbrev  0x00000ada        0x1 ../LUFA090605/LUFA/Drivers/USB/LowLevel/HostChapter9.o
 .debug_abbrev  0x00000adb       0xd8 ../LUFA090605/LUFA/Drivers/USB/LowLevel/LowLevel.o
 .debug_abbrev  0x00000bb3        0x1 ../LUFA090605/LUFA/Drivers/USB/LowLevel/Pipe.o
 .debug_abbrev  0x00000bb4       0x41 ../LUFA090605/LUFA/Drivers/USB/HighLevel/Events.o
 .debug_abbrev  0x00000bf5       0xdd ../LUFA090605/LUFA/Drivers/USB/HighLevel/USBInterrupt.o
 .debug_abbrev  0x00000cd2      0x13e ../LUFA090605/LUFA/Drivers/USB/HighLevel/USBTask.o
 .debug_abbrev  0x00000e10      0x1cd ../LUFA090605/LUFA/Drivers/USB/HighLevel/ConfigDescriptor.o
 .debug_abbrev  0x00000fdd      0x191 ../LUFA090605/LUFA/Drivers/USB/Class/HIDParser.o

.debug_line     0x00000000     0x2ca3
 *(.debug_line)
 .debug_line    0x00000000      0x4f5 estick-jtag.o
 .debug_line    0x000004f5      0x18c Descriptors.o
 .debug_line    0x00000681      0x614 jtag_functions.o
 .debug_line    0x00000c95      0x1ed ../LUFA090605/LUFA/Scheduler/Scheduler.o
 .debug_line    0x00000e82      0x4cc ../LUFA090605/LUFA/Drivers/USB/LowLevel/DevChapter9.o
 .debug_line    0x0000134e      0x761 ../LUFA090605/LUFA/Drivers/USB/LowLevel/Endpoint.o
 .debug_line    0x00001aaf       0x24 ../LUFA090605/LUFA/Drivers/USB/LowLevel/Host.o
 .debug_line    0x00001ad3       0x24 ../LUFA090605/LUFA/Drivers/USB/LowLevel/HostChapter9.o
 .debug_line    0x00001af7      0x2e2 ../LUFA090605/LUFA/Drivers/USB/LowLevel/LowLevel.o
 .debug_line    0x00001dd9       0x24 ../LUFA090605/LUFA/Drivers/USB/LowLevel/Pipe.o
 .debug_line    0x00001dfd       0x8d ../LUFA090605/LUFA/Drivers/USB/HighLevel/Events.o
 .debug_line    0x00001e8a      0x400 ../LUFA090605/LUFA/Drivers/USB/HighLevel/USBInterrupt.o
 .debug_line    0x0000228a      0x23b ../LUFA090605/LUFA/Drivers/USB/HighLevel/USBTask.o
 .debug_line    0x000024c5      0x358 ../LUFA090605/LUFA/Drivers/USB/HighLevel/ConfigDescriptor.o
 .debug_line    0x0000281d      0x486 ../LUFA090605/LUFA/Drivers/USB/Class/HIDParser.o

.debug_frame    0x00000000      0x3b0
 *(.debug_frame)
 .debug_frame   0x00000000       0x70 estick-jtag.o
 .debug_frame   0x00000070       0x20 Descriptors.o
 .debug_frame   0x00000090       0x90 jtag_functions.o
 .debug_frame   0x00000120       0x40 ../LUFA090605/LUFA/Scheduler/Scheduler.o
 .debug_frame   0x00000160       0x20 ../LUFA090605/LUFA/Drivers/USB/LowLevel/DevChapter9.o
 .debug_frame   0x00000180       0xe0 ../LUFA090605/LUFA/Drivers/USB/LowLevel/Endpoint.o
 .debug_frame   0x00000260       0x40 ../LUFA090605/LUFA/Drivers/USB/LowLevel/LowLevel.o
 .debug_frame   0x000002a0       0x20 ../LUFA090605/LUFA/Drivers/USB/HighLevel/Events.o
 .debug_frame   0x000002c0       0x40 ../LUFA090605/LUFA/Drivers/USB/HighLevel/USBInterrupt.o
 .debug_frame   0x00000300       0x20 ../LUFA090605/LUFA/Drivers/USB/HighLevel/USBTask.o
 .debug_frame   0x00000320       0x50 ../LUFA090605/LUFA/Drivers/USB/HighLevel/ConfigDescriptor.o
 .debug_frame   0x00000370       0x40 ../LUFA090605/LUFA/Drivers/USB/Class/HIDParser.o

.debug_str      0x00000000     0x173b
 *(.debug_str)
 .debug_str     0x00000000      0x35e estick-jtag.o
                                0x3b2 (size before relaxing)
 .debug_str     0x0000035e      0x3f7 Descriptors.o
                                0x5b3 (size before relaxing)
 .debug_str     0x00000755      0x124 jtag_functions.o
                                0x29c (size before relaxing)
 .debug_str     0x00000879       0xd6 ../LUFA090605/LUFA/Scheduler/Scheduler.o
                                0x23d (size before relaxing)
 .debug_str     0x0000094f      0x2c2 ../LUFA090605/LUFA/Drivers/USB/LowLevel/DevChapter9.o
                                0x4a0 (size before relaxing)
 .debug_str     0x00000c11      0x3cd ../LUFA090605/LUFA/Drivers/USB/LowLevel/Endpoint.o
                                0x60f (size before relaxing)
 .debug_str     0x00000fde       0x7e ../LUFA090605/LUFA/Drivers/USB/LowLevel/LowLevel.o
                                0x23a (size before relaxing)
 .debug_str     0x0000105c       0x41 ../LUFA090605/LUFA/Drivers/USB/HighLevel/Events.o
                                0x104 (size before relaxing)
 .debug_str     0x0000109d       0x7c ../LUFA090605/LUFA/Drivers/USB/HighLevel/USBInterrupt.o
                                0x246 (size before relaxing)
 .debug_str     0x00001119       0x5b ../LUFA090605/LUFA/Drivers/USB/HighLevel/USBTask.o
                                0x269 (size before relaxing)
 .debug_str     0x00001174      0x213 ../LUFA090605/LUFA/Drivers/USB/HighLevel/ConfigDescriptor.o
                                0x38e (size before relaxing)
 .debug_str     0x00001387      0x3b4 ../LUFA090605/LUFA/Drivers/USB/Class/HIDParser.o
                                0x4e5 (size before relaxing)

.debug_loc      0x00000000     0x18b2
 *(.debug_loc)
 .debug_loc     0x00000000       0x56 estick-jtag.o
 .debug_loc     0x00000056      0x199 Descriptors.o
 .debug_loc     0x000001ef      0x651 jtag_functions.o
 .debug_loc     0x00000840       0xe1 ../LUFA090605/LUFA/Scheduler/Scheduler.o
 .debug_loc     0x00000921      0x2ba ../LUFA090605/LUFA/Drivers/USB/LowLevel/DevChapter9.o
 .debug_loc     0x00000bdb      0x68f ../LUFA090605/LUFA/Drivers/USB/LowLevel/Endpoint.o
 .debug_loc     0x0000126a       0x13 ../LUFA090605/LUFA/Drivers/USB/LowLevel/LowLevel.o
 .debug_loc     0x0000127d      0x26f ../LUFA090605/LUFA/Drivers/USB/HighLevel/ConfigDescriptor.o
 .debug_loc     0x000014ec      0x3c6 ../LUFA090605/LUFA/Drivers/USB/Class/HIDParser.o

.debug_macinfo
 *(.debug_macinfo)
OUTPUT(estick-jtag.elf elf32-avr)
LOAD linker stubs

.debug_ranges   0x00000000      0x2a0
 .debug_ranges  0x00000000       0x40 estick-jtag.o
 .debug_ranges  0x00000040       0x18 Descriptors.o
 .debug_ranges  0x00000058       0x50 jtag_functions.o
 .debug_ranges  0x000000a8       0x28 ../LUFA090605/LUFA/Scheduler/Scheduler.o
 .debug_ranges  0x000000d0       0x30 ../LUFA090605/LUFA/Drivers/USB/LowLevel/DevChapter9.o
 .debug_ranges  0x00000100       0x78 ../LUFA090605/LUFA/Drivers/USB/LowLevel/Endpoint.o
 .debug_ranges  0x00000178       0x28 ../LUFA090605/LUFA/Drivers/USB/LowLevel/LowLevel.o
 .debug_ranges  0x000001a0       0x18 ../LUFA090605/LUFA/Drivers/USB/HighLevel/Events.o
 .debug_ranges  0x000001b8       0x28 ../LUFA090605/LUFA/Drivers/USB/HighLevel/USBInterrupt.o
 .debug_ranges  0x000001e0       0x18 ../LUFA090605/LUFA/Drivers/USB/HighLevel/USBTask.o
 .debug_ranges  0x000001f8       0x30 ../LUFA090605/LUFA/Drivers/USB/HighLevel/ConfigDescriptor.o
 .debug_ranges  0x00000228       0x78 ../LUFA090605/LUFA/Drivers/USB/Class/HIDParser.o

Cross Reference Table

Symbol                                            File
CALLBACK_USB_GetDescriptor                        Descriptors.o
                                                  ../LUFA090605/LUFA/Drivers/USB/LowLevel/DevChapter9.o
ConfigurationDescriptor                           Descriptors.o
DeviceDescriptor                                  Descriptors.o
EVENT_USB_ConfigurationChanged                    estick-jtag.o
                                                  ../LUFA090605/LUFA/Drivers/USB/LowLevel/DevChapter9.o
EVENT_USB_Connect                                 estick-jtag.o
                                                  ../LUFA090605/LUFA/Drivers/USB/HighLevel/USBInterrupt.o
EVENT_USB_DeviceEnumerationComplete               ../LUFA090605/LUFA/Drivers/USB/HighLevel/Events.o
                                                  ../LUFA090605/LUFA/Drivers/USB/LowLevel/DevChapter9.o
EVENT_USB_Disconnect                              estick-jtag.o
                                                  ../LUFA090605/LUFA/Drivers/USB/HighLevel/USBInterrupt.o
                                                  ../LUFA090605/LUFA/Drivers/USB/LowLevel/LowLevel.o
EVENT_USB_Reset                                   ../LUFA090605/LUFA/Drivers/USB/HighLevel/Events.o
                                                  ../LUFA090605/LUFA/Drivers/USB/HighLevel/USBInterrupt.o
EVENT_USB_Suspend                                 ../LUFA090605/LUFA/Drivers/USB/HighLevel/Events.o
                                                  ../LUFA090605/LUFA/Drivers/USB/HighLevel/USBInterrupt.o
EVENT_USB_UnhandledControlPacket                  estick-jtag.o
                                                  ../LUFA090605/LUFA/Drivers/USB/LowLevel/DevChapter9.o
EVENT_USB_VBUSChange                              ../LUFA090605/LUFA/Drivers/USB/HighLevel/Events.o
                                                  ../LUFA090605/LUFA/Drivers/USB/HighLevel/USBInterrupt.o
EVENT_USB_VBUSConnect                             ../LUFA090605/LUFA/Drivers/USB/HighLevel/Events.o
                                                  ../LUFA090605/LUFA/Drivers/USB/HighLevel/USBInterrupt.o
EVENT_USB_VBUSDisconnect                          ../LUFA090605/LUFA/Drivers/USB/HighLevel/Events.o
                                                  ../LUFA090605/LUFA/Drivers/USB/HighLevel/USBInterrupt.o
EVENT_USB_WakeUp                                  ../LUFA090605/LUFA/Drivers/USB/HighLevel/Events.o
                                                  ../LUFA090605/LUFA/Drivers/USB/HighLevel/USBInterrupt.o
Endpoint_BytesToEPSizeMaskDynamic                 ../LUFA090605/LUFA/Drivers/USB/LowLevel/Endpoint.o
Endpoint_ClearEndpoints                           ../LUFA090605/LUFA/Drivers/USB/LowLevel/Endpoint.o
                                                  ../LUFA090605/LUFA/Drivers/USB/HighLevel/USBInterrupt.o
Endpoint_ConfigureEndpoint_Prv                    ../LUFA090605/LUFA/Drivers/USB/LowLevel/Endpoint.o
                                                  ../LUFA090605/LUFA/Drivers/USB/HighLevel/USBInterrupt.o
                                                  estick-jtag.o
Endpoint_Discard_Stream                           ../LUFA090605/LUFA/Drivers/USB/LowLevel/Endpoint.o
Endpoint_Read_Control_Stream_BE                   ../LUFA090605/LUFA/Drivers/USB/LowLevel/Endpoint.o
Endpoint_Read_Control_Stream_LE                   ../LUFA090605/LUFA/Drivers/USB/LowLevel/Endpoint.o
Endpoint_Read_Stream_BE                           ../LUFA090605/LUFA/Drivers/USB/LowLevel/Endpoint.o
Endpoint_Read_Stream_LE                           ../LUFA090605/LUFA/Drivers/USB/LowLevel/Endpoint.o
                                                  estick-jtag.o
Endpoint_WaitUntilReady                           ../LUFA090605/LUFA/Drivers/USB/LowLevel/Endpoint.o
Endpoint_Write_Control_Stream_BE                  ../LUFA090605/LUFA/Drivers/USB/LowLevel/Endpoint.o
Endpoint_Write_Control_Stream_LE                  ../LUFA090605/LUFA/Drivers/USB/LowLevel/Endpoint.o
Endpoint_Write_Stream_BE                          ../LUFA090605/LUFA/Drivers/USB/LowLevel/Endpoint.o
Endpoint_Write_Stream_LE                          ../LUFA090605/LUFA/Drivers/USB/LowLevel/Endpoint.o
                                                  estick-jtag.o
LanguageString                                    Descriptors.o
ManufacturerString                                Descriptors.o
ProductString                                     Descriptors.o
Scheduler_HasDelayElapsed                         ../LUFA090605/LUFA/Scheduler/Scheduler.o
Scheduler_SetGroupTaskMode                        ../LUFA090605/LUFA/Scheduler/Scheduler.o
Scheduler_SetTaskMode                             ../LUFA090605/LUFA/Scheduler/Scheduler.o
                                                  estick-jtag.o
Scheduler_TaskList                                estick-jtag.o
                                                  ../LUFA090605/LUFA/Scheduler/Scheduler.o
Scheduler_TickCounter                             ../LUFA090605/LUFA/Scheduler/Scheduler.o
Scheduler_TotalTasks                              ../LUFA090605/LUFA/Scheduler/Scheduler.o
                                                  estick-jtag.o
SerialNumberString                                Descriptors.o
USB_ConfigurationNumber                           ../LUFA090605/LUFA/Drivers/USB/HighLevel/USBInterrupt.o
                                                  ../LUFA090605/LUFA/Drivers/USB/LowLevel/LowLevel.o
                                                  ../LUFA090605/LUFA/Drivers/USB/LowLevel/DevChapter9.o
USB_ControlRequest                                ../LUFA090605/LUFA/Drivers/USB/HighLevel/USBTask.o
                                                  ../LUFA090605/LUFA/Drivers/USB/LowLevel/Endpoint.o
                                                  ../LUFA090605/LUFA/Drivers/USB/LowLevel/DevChapter9.o
                                                  estick-jtag.o
USB_CurrentlySelfPowered                          ../LUFA090605/LUFA/Drivers/USB/LowLevel/LowLevel.o
                                                  ../LUFA090605/LUFA/Drivers/USB/LowLevel/DevChapter9.o
USB_Device_ProcessControlPacket                   ../LUFA090605/LUFA/Drivers/USB/LowLevel/DevChapter9.o
                                                  ../LUFA090605/LUFA/Drivers/USB/HighLevel/USBTask.o
USB_Event_Stub                                    ../LUFA090605/LUFA/Drivers/USB/HighLevel/Events.o
USB_GetHIDReportItemInfo                          ../LUFA090605/LUFA/Drivers/USB/Class/HIDParser.o
USB_GetNextDescriptorComp                         ../LUFA090605/LUFA/Drivers/USB/HighLevel/ConfigDescriptor.o
USB_GetNextDescriptorOfType                       ../LUFA090605/LUFA/Drivers/USB/HighLevel/ConfigDescriptor.o
USB_GetNextDescriptorOfTypeAfter                  ../LUFA090605/LUFA/Drivers/USB/HighLevel/ConfigDescriptor.o
USB_GetNextDescriptorOfTypeBefore                 ../LUFA090605/LUFA/Drivers/USB/HighLevel/ConfigDescriptor.o
USB_INT_ClearAllInterrupts                        ../LUFA090605/LUFA/Drivers/USB/HighLevel/USBInterrupt.o
                                                  ../LUFA090605/LUFA/Drivers/USB/LowLevel/LowLevel.o
USB_INT_DisableAllInterrupts                      ../LUFA090605/LUFA/Drivers/USB/HighLevel/USBInterrupt.o
                                                  ../LUFA090605/LUFA/Drivers/USB/LowLevel/LowLevel.o
USB_Init                                          ../LUFA090605/LUFA/Drivers/USB/LowLevel/LowLevel.o
                                                  estick-jtag.o
USB_IsConnected                                   ../LUFA090605/LUFA/Drivers/USB/HighLevel/USBTask.o
                                                  ../LUFA090605/LUFA/Drivers/USB/HighLevel/USBInterrupt.o
                                                  ../LUFA090605/LUFA/Drivers/USB/LowLevel/LowLevel.o
                                                  ../LUFA090605/LUFA/Drivers/USB/LowLevel/Endpoint.o
                                                  estick-jtag.o
USB_IsInitialized                                 ../LUFA090605/LUFA/Drivers/USB/HighLevel/USBTask.o
                                                  ../LUFA090605/LUFA/Drivers/USB/LowLevel/LowLevel.o
USB_IsSuspended                                   ../LUFA090605/LUFA/Drivers/USB/HighLevel/USBTask.o
                                                  ../LUFA090605/LUFA/Drivers/USB/HighLevel/USBInterrupt.o
                                                  ../LUFA090605/LUFA/Drivers/USB/LowLevel/LowLevel.o
USB_MainTask                                      estick-jtag.o
USB_ProcessHIDReport                              ../LUFA090605/LUFA/Drivers/USB/Class/HIDParser.o
USB_RemoteWakeupEnabled                           ../LUFA090605/LUFA/Drivers/USB/LowLevel/LowLevel.o
                                                  ../LUFA090605/LUFA/Drivers/USB/LowLevel/DevChapter9.o
USB_ResetInterface                                ../LUFA090605/LUFA/Drivers/USB/LowLevel/LowLevel.o
                                                  ../LUFA090605/LUFA/Drivers/USB/HighLevel/USBInterrupt.o
USB_SetHIDReportItemInfo                          ../LUFA090605/LUFA/Drivers/USB/Class/HIDParser.o
USB_ShutDown                                      ../LUFA090605/LUFA/Drivers/USB/LowLevel/LowLevel.o
USB_USBTask                                       ../LUFA090605/LUFA/Drivers/USB/HighLevel/USBTask.o
                                                  estick-jtag.o
__bad_interrupt                                   c:/winavr-20100110/bin/../lib/gcc/avr/4.3.3/../../../../avr/lib/avr5/crtm32u4.o
__bss_end                                         c:/winavr-20100110/bin/../lib/gcc/avr/4.3.3/avr5\libgcc.a(_clear_bss.o)
__bss_start                                       c:/winavr-20100110/bin/../lib/gcc/avr/4.3.3/avr5\libgcc.a(_clear_bss.o)
__data_end                                        c:/winavr-20100110/bin/../lib/gcc/avr/4.3.3/avr5\libgcc.a(_copy_data.o)
__data_load_start                                 c:/winavr-20100110/bin/../lib/gcc/avr/4.3.3/avr5\libgcc.a(_copy_data.o)
__data_start                                      c:/winavr-20100110/bin/../lib/gcc/avr/4.3.3/avr5\libgcc.a(_copy_data.o)
__do_clear_bss                                    c:/winavr-20100110/bin/../lib/gcc/avr/4.3.3/avr5\libgcc.a(_clear_bss.o)
                                                  ../LUFA090605/LUFA/Drivers/USB/HighLevel/USBTask.o
                                                  ../LUFA090605/LUFA/Drivers/USB/LowLevel/DevChapter9.o
                                                  ../LUFA090605/LUFA/Scheduler/Scheduler.o
                                                  jtag_functions.o
                                                  estick-jtag.o
__do_copy_data                                    c:/winavr-20100110/bin/../lib/gcc/avr/4.3.3/avr5\libgcc.a(_copy_data.o)
                                                  estick-jtag.o
__heap_end                                        c:/winavr-20100110/bin/../lib/gcc/avr/4.3.3/../../../../avr/lib/avr5/crtm32u4.o
__init                                            c:/winavr-20100110/bin/../lib/gcc/avr/4.3.3/../../../../avr/lib/avr5/crtm32u4.o
__stack                                           c:/winavr-20100110/bin/../lib/gcc/avr/4.3.3/../../../../avr/lib/avr5/crtm32u4.o
__vector_1                                        c:/winavr-20100110/bin/../lib/gcc/avr/4.3.3/../../../../avr/lib/avr5/crtm32u4.o
__vector_10                                       ../LUFA090605/LUFA/Drivers/USB/HighLevel/USBInterrupt.o
                                                  c:/winavr-20100110/bin/../lib/gcc/avr/4.3.3/../../../../avr/lib/avr5/crtm32u4.o
__vector_11                                       c:/winavr-20100110/bin/../lib/gcc/avr/4.3.3/../../../../avr/lib/avr5/crtm32u4.o
__vector_12                                       c:/winavr-20100110/bin/../lib/gcc/avr/4.3.3/../../../../avr/lib/avr5/crtm32u4.o
__vector_13                                       c:/winavr-20100110/bin/../lib/gcc/avr/4.3.3/../../../../avr/lib/avr5/crtm32u4.o
__vector_14                                       c:/winavr-20100110/bin/../lib/gcc/avr/4.3.3/../../../../avr/lib/avr5/crtm32u4.o
__vector_15                                       c:/winavr-20100110/bin/../lib/gcc/avr/4.3.3/../../../../avr/lib/avr5/crtm32u4.o
__vector_16                                       c:/winavr-20100110/bin/../lib/gcc/avr/4.3.3/../../../../avr/lib/avr5/crtm32u4.o
__vector_17                                       c:/winavr-20100110/bin/../lib/gcc/avr/4.3.3/../../../../avr/lib/avr5/crtm32u4.o
__vector_18                                       c:/winavr-20100110/bin/../lib/gcc/avr/4.3.3/../../../../avr/lib/avr5/crtm32u4.o
__vector_19                                       c:/winavr-20100110/bin/../lib/gcc/avr/4.3.3/../../../../avr/lib/avr5/crtm32u4.o
__vector_2                                        c:/winavr-20100110/bin/../lib/gcc/avr/4.3.3/../../../../avr/lib/avr5/crtm32u4.o
__vector_20                                       c:/winavr-20100110/bin/../lib/gcc/avr/4.3.3/../../../../avr/lib/avr5/crtm32u4.o
__vector_21                                       c:/winavr-20100110/bin/../lib/gcc/avr/4.3.3/../../../../avr/lib/avr5/crtm32u4.o
__vector_22                                       c:/winavr-20100110/bin/../lib/gcc/avr/4.3.3/../../../../avr/lib/avr5/crtm32u4.o
__vector_23                                       c:/winavr-20100110/bin/../lib/gcc/avr/4.3.3/../../../../avr/lib/avr5/crtm32u4.o
__vector_24                                       c:/winavr-20100110/bin/../lib/gcc/avr/4.3.3/../../../../avr/lib/avr5/crtm32u4.o
__vector_25                                       c:/winavr-20100110/bin/../lib/gcc/avr/4.3.3/../../../../avr/lib/avr5/crtm32u4.o
__vector_26                                       c:/winavr-20100110/bin/../lib/gcc/avr/4.3.3/../../../../avr/lib/avr5/crtm32u4.o
__vector_27                                       c:/winavr-20100110/bin/../lib/gcc/avr/4.3.3/../../../../avr/lib/avr5/crtm32u4.o
__vector_28                                       c:/winavr-20100110/bin/../lib/gcc/avr/4.3.3/../../../../avr/lib/avr5/crtm32u4.o
__vector_29                                       c:/winavr-20100110/bin/../lib/gcc/avr/4.3.3/../../../../avr/lib/avr5/crtm32u4.o
__vector_3                                        c:/winavr-20100110/bin/../lib/gcc/avr/4.3.3/../../../../avr/lib/avr5/crtm32u4.o
__vector_30                                       c:/winavr-20100110/bin/../lib/gcc/avr/4.3.3/../../../../avr/lib/avr5/crtm32u4.o
__vector_31                                       c:/winavr-20100110/bin/../lib/gcc/avr/4.3.3/../../../../avr/lib/avr5/crtm32u4.o
__vector_32                                       c:/winavr-20100110/bin/../lib/gcc/avr/4.3.3/../../../../avr/lib/avr5/crtm32u4.o
__vector_33                                       c:/winavr-20100110/bin/../lib/gcc/avr/4.3.3/../../../../avr/lib/avr5/crtm32u4.o
__vector_34                                       c:/winavr-20100110/bin/../lib/gcc/avr/4.3.3/../../../../avr/lib/avr5/crtm32u4.o
__vector_35                                       c:/winavr-20100110/bin/../lib/gcc/avr/4.3.3/../../../../avr/lib/avr5/crtm32u4.o
__vector_36                                       c:/winavr-20100110/bin/../lib/gcc/avr/4.3.3/../../../../avr/lib/avr5/crtm32u4.o
__vector_37                                       c:/winavr-20100110/bin/../lib/gcc/avr/4.3.3/../../../../avr/lib/avr5/crtm32u4.o
__vector_38                                       c:/winavr-20100110/bin/../lib/gcc/avr/4.3.3/../../../../avr/lib/avr5/crtm32u4.o
__vector_39                                       c:/winavr-20100110/bin/../lib/gcc/avr/4.3.3/../../../../avr/lib/avr5/crtm32u4.o
__vector_4                                        c:/winavr-20100110/bin/../lib/gcc/avr/4.3.3/../../../../avr/lib/avr5/crtm32u4.o
__vector_40                                       c:/winavr-20100110/bin/../lib/gcc/avr/4.3.3/../../../../avr/lib/avr5/crtm32u4.o
__vector_41                                       c:/winavr-20100110/bin/../lib/gcc/avr/4.3.3/../../../../avr/lib/avr5/crtm32u4.o
__vector_42                                       c:/winavr-20100110/bin/../lib/gcc/avr/4.3.3/../../../../avr/lib/avr5/crtm32u4.o
__vector_5                                        c:/winavr-20100110/bin/../lib/gcc/avr/4.3.3/../../../../avr/lib/avr5/crtm32u4.o
__vector_6                                        c:/winavr-20100110/bin/../lib/gcc/avr/4.3.3/../../../../avr/lib/avr5/crtm32u4.o
__vector_7                                        c:/winavr-20100110/bin/../lib/gcc/avr/4.3.3/../../../../avr/lib/avr5/crtm32u4.o
__vector_8                                        c:/winavr-20100110/bin/../lib/gcc/avr/4.3.3/../../../../avr/lib/avr5/crtm32u4.o
__vector_9                                        c:/winavr-20100110/bin/../lib/gcc/avr/4.3.3/../../../../avr/lib/avr5/crtm32u4.o
__vector_default                                  c:/winavr-20100110/bin/../lib/gcc/avr/4.3.3/../../../../avr/lib/avr5/crtm32u4.o
__vectors                                         c:/winavr-20100110/bin/../lib/gcc/avr/4.3.3/../../../../avr/lib/avr5/crtm32u4.o
_exit                                             c:/winavr-20100110/bin/../lib/gcc/avr/4.3.3/avr5\libgcc.a(_exit.o)
dataFromHost                                      estick-jtag.o
dataFromHostSize                                  estick-jtag.o
dataToHost                                        estick-jtag.o
dataToHostSize                                    estick-jtag.o
exit                                              c:/winavr-20100110/bin/../lib/gcc/avr/4.3.3/avr5\libgcc.a(_exit.o)
                                                  c:/winavr-20100110/bin/../lib/gcc/avr/4.3.3/../../../../avr/lib/avr5/crtm32u4.o
jtag_delay                                        jtag_functions.o
                                                  estick-jtag.o
jtag_init                                         jtag_functions.o
                                                  estick-jtag.o
jtag_read_input                                   jtag_functions.o
                                                  estick-jtag.o
jtag_set_srst                                     jtag_functions.o
                                                  estick-jtag.o
jtag_set_trst                                     jtag_functions.o
                                                  estick-jtag.o
jtag_set_trst_srst                                jtag_functions.o
                                                  estick-jtag.o
jtag_tap_output_emu                               jtag_functions.o
                                                  estick-jtag.o
jtag_tap_output_max_speed                         jtag_functions.o
                                                  estick-jtag.o
jtag_tap_output_with_delay                        jtag_functions.o
                                                  estick-jtag.o
main                                              estick-jtag.o
                                                  c:/winavr-20100110/bin/../lib/gcc/avr/4.3.3/../../../../avr/lib/avr5/crtm32u4.o
resetJtagTransfers                                estick-jtag.o
usbBuffer                                         estick-jtag.o
