   1               		.file	"Descriptors.c"
   2               	__SREG__ = 0x3f
   3               	__SP_H__ = 0x3e
   4               	__SP_L__ = 0x3d
   5               	__CCP__  = 0x34
   6               	__tmp_reg__ = 0
   7               	__zero_reg__ = 1
  15               	.Ltext0:
  16               		.section	.text.CALLBACK_USB_GetDescriptor,"ax",@progbits
  17               	.global	CALLBACK_USB_GetDescriptor
  19               	CALLBACK_USB_GetDescriptor:
  20               	.LFB22:
  21               	.LSM0:
  22               	.LVL0:
  23               	/* prologue: function */
  24               	/* frame size = 0 */
  25 0000 DA01      		movw r26,r20
  26               	.LSM1:
  27 0002 9230      		cpi r25,lo8(2)
  28               	.LVL1:
  29 0004 01F0      		breq .L4
  30               	.LVL2:
  31 0006 9330      		cpi r25,lo8(3)
  32 0008 01F0      		breq .L5
  33 000a 9130      		cpi r25,lo8(1)
  34 000c 01F4      		brne .L2
  35 000e E0E0      		ldi r30,lo8(DeviceDescriptor)
  36 0010 F0E0      		ldi r31,hi8(DeviceDescriptor)
  37               	.LVL3:
  38 0012 22E1      		ldi r18,lo8(18)
  39 0014 30E0      		ldi r19,hi8(18)
  40               	.LVL4:
  41 0016 00C0      		rjmp .L6
  42               	.LVL5:
  43               	.L4:
  44 0018 E0E0      		ldi r30,lo8(ConfigurationDescriptor)
  45 001a F0E0      		ldi r31,hi8(ConfigurationDescriptor)
  46               	.LVL6:
  47 001c 2DE8      		ldi r18,lo8(141)
  48 001e 30E0      		ldi r19,hi8(141)
  49               	.LVL7:
  50 0020 00C0      		rjmp .L6
  51               	.LVL8:
  52               	.L5:
  53               	.LSM2:
  54 0022 8130      		cpi r24,lo8(1)
  55 0024 01F0      		breq .L8
  56 0026 8130      		cpi r24,lo8(1)
  57 0028 00F0      		brlo .L7
  58 002a 8230      		cpi r24,lo8(2)
  59 002c 01F4      		brne .L2
  60 002e 00C0      		rjmp .L12
  61               	.L7:
  62               	.LBB2:
  63               	.LSM3:
  64 0030 E0E0      		ldi r30,lo8(LanguageString)
  65 0032 F0E0      		ldi r31,hi8(LanguageString)
  66               	/* #APP */
  67               	 ;  380 "Descriptors.c" 1
  68 0034 8491      		lpm r24, Z
  69               		
  70               	 ;  0 "" 2
  71               	.LVL9:
  72               	/* #NOAPP */
  73 0036 00C0      		rjmp .L11
  74               	.LVL10:
  75               	.L8:
  76               	.LBE2:
  77               	.LBB3:
  78               	.LSM4:
  79 0038 E0E0      		ldi r30,lo8(ManufacturerString)
  80 003a F0E0      		ldi r31,hi8(ManufacturerString)
  81               	/* #APP */
  82               	 ;  384 "Descriptors.c" 1
  83 003c 8491      		lpm r24, Z
  84               		
  85               	 ;  0 "" 2
  86               	.LVL11:
  87               	/* #NOAPP */
  88 003e 00C0      		rjmp .L11
  89               	.LVL12:
  90               	.L12:
  91               	.LBE3:
  92               	.LBB4:
  93               	.LSM5:
  94 0040 E0E0      		ldi r30,lo8(ProductString)
  95 0042 F0E0      		ldi r31,hi8(ProductString)
  96               	/* #APP */
  97               	 ;  388 "Descriptors.c" 1
  98 0044 8491      		lpm r24, Z
  99               		
 100               	 ;  0 "" 2
 101               	.LVL13:
 102               	/* #NOAPP */
 103               	.L11:
 104               	.LBE4:
 105 0046 282F      		mov r18,r24
 106               	.LVL14:
 107 0048 30E0      		ldi r19,lo8(0)
 108               	.LVL15:
 109 004a 00C0      		rjmp .L6
 110               	.LVL16:
 111               	.L2:
 112 004c E0E0      		ldi r30,lo8(0)
 113 004e F0E0      		ldi r31,hi8(0)
 114               	.LVL17:
 115 0050 20E0      		ldi r18,lo8(0)
 116 0052 30E0      		ldi r19,hi8(0)
 117               	.LVL18:
 118               	.L6:
 119               	.LSM6:
 120 0054 ED93      		st X+,r30
 121 0056 FC93      		st X,r31
 122               	.LSM7:
 123 0058 C901      		movw r24,r18
 124               	.LVL19:
 125               	/* epilogue start */
 126 005a 0895      		ret
 127               	.LFE22:
 129               	.global	DeviceDescriptor
 130               		.section	.progmem.data,"a",@progbits
 133               	DeviceDescriptor:
 134 0000 12        		.byte	18
 135 0001 01        		.byte	1
 136 0002 1001      		.word	272
 137 0004 EF        		.byte	-17
 138 0005 02        		.byte	2
 139 0006 01        		.byte	1
 140 0007 08        		.byte	8
 141 0008 EB03      		.word	1003
 142 000a 4E20      		.word	8270
 143 000c 0000      		.word	0
 144 000e 01        		.byte	1
 145 000f 02        		.byte	2
 146 0010 00        		.byte	0
 147 0011 01        		.byte	1
 148               	.global	ConfigurationDescriptor
 151               	ConfigurationDescriptor:
 152 0012 09        		.byte	9
 153 0013 02        		.byte	2
 154 0014 8D00      		.word	141
 155 0016 04        		.byte	4
 156 0017 01        		.byte	1
 157 0018 00        		.byte	0
 158 0019 C0        		.byte	-64
 159 001a 32        		.byte	50
 160 001b 08        		.byte	8
 161 001c 0B        		.byte	11
 162 001d 00        		.byte	0
 163 001e 02        		.byte	2
 164 001f 02        		.byte	2
 165 0020 02        		.byte	2
 166 0021 01        		.byte	1
 167 0022 00        		.byte	0
 168 0023 09        		.byte	9
 169 0024 04        		.byte	4
 170 0025 00        		.byte	0
 171 0026 00        		.byte	0
 172 0027 01        		.byte	1
 173 0028 02        		.byte	2
 174 0029 02        		.byte	2
 175 002a 01        		.byte	1
 176 002b 00        		.byte	0
 177 002c 05        		.byte	5
 178 002d 24        		.byte	36
 179 002e 00        		.byte	0
 180 002f 01        		.byte	1
 181 0030 10        		.byte	16
 182 0031 05        		.byte	5
 183 0032 24        		.byte	36
 184 0033 01        		.byte	1
 185 0034 03        		.byte	3
 186 0035 01        		.byte	1
 187 0036 04        		.byte	4
 188 0037 24        		.byte	36
 189 0038 02        		.byte	2
 190 0039 06        		.byte	6
 191 003a 05        		.byte	5
 192 003b 24        		.byte	36
 193 003c 06        		.byte	6
 194 003d 00        		.byte	0
 195 003e 01        		.byte	1
 196 003f 07        		.byte	7
 197 0040 05        		.byte	5
 198 0041 83        		.byte	-125
 199 0042 03        		.byte	3
 200 0043 0800      		.word	8
 201 0045 FF        		.byte	-1
 202 0046 09        		.byte	9
 203 0047 04        		.byte	4
 204 0048 01        		.byte	1
 205 0049 00        		.byte	0
 206 004a 02        		.byte	2
 207 004b 0A        		.byte	10
 208 004c 00        		.byte	0
 209 004d 00        		.byte	0
 210 004e 00        		.byte	0
 211 004f 07        		.byte	7
 212 0050 05        		.byte	5
 213 0051 02        		.byte	2
 214 0052 02        		.byte	2
 215 0053 1000      		.word	16
 216 0055 00        		.byte	0
 217 0056 07        		.byte	7
 218 0057 05        		.byte	5
 219 0058 81        		.byte	-127
 220 0059 02        		.byte	2
 221 005a 1000      		.word	16
 222 005c 00        		.byte	0
 223 005d 08        		.byte	8
 224 005e 0B        		.byte	11
 225 005f 02        		.byte	2
 226 0060 02        		.byte	2
 227 0061 02        		.byte	2
 228 0062 02        		.byte	2
 229 0063 01        		.byte	1
 230 0064 00        		.byte	0
 231 0065 09        		.byte	9
 232 0066 04        		.byte	4
 233 0067 02        		.byte	2
 234 0068 00        		.byte	0
 235 0069 01        		.byte	1
 236 006a 02        		.byte	2
 237 006b 02        		.byte	2
 238 006c 01        		.byte	1
 239 006d 00        		.byte	0
 240 006e 05        		.byte	5
 241 006f 24        		.byte	36
 242 0070 00        		.byte	0
 243 0071 01        		.byte	1
 244 0072 10        		.byte	16
 245 0073 05        		.byte	5
 246 0074 24        		.byte	36
 247 0075 01        		.byte	1
 248 0076 03        		.byte	3
 249 0077 03        		.byte	3
 250 0078 04        		.byte	4
 251 0079 24        		.byte	36
 252 007a 02        		.byte	2
 253 007b 06        		.byte	6
 254 007c 05        		.byte	5
 255 007d 24        		.byte	36
 256 007e 06        		.byte	6
 257 007f 02        		.byte	2
 258 0080 03        		.byte	3
 259 0081 07        		.byte	7
 260 0082 05        		.byte	5
 261 0083 84        		.byte	-124
 262 0084 03        		.byte	3
 263 0085 0800      		.word	8
 264 0087 FF        		.byte	-1
 265 0088 09        		.byte	9
 266 0089 04        		.byte	4
 267 008a 03        		.byte	3
 268 008b 00        		.byte	0
 269 008c 02        		.byte	2
 270 008d 0A        		.byte	10
 271 008e 00        		.byte	0
 272 008f 00        		.byte	0
 273 0090 00        		.byte	0
 274 0091 07        		.byte	7
 275 0092 05        		.byte	5
 276 0093 06        		.byte	6
 277 0094 02        		.byte	2
 278 0095 1000      		.word	16
 279 0097 00        		.byte	0
 280 0098 07        		.byte	7
 281 0099 05        		.byte	5
 282 009a 85        		.byte	-123
 283 009b 02        		.byte	2
 284 009c 1000      		.word	16
 285 009e 00        		.byte	0
 286               	.global	LanguageString
 289               	LanguageString:
 290 009f 04        		.byte	4
 291 00a0 03        		.byte	3
 292 00a1 0904      		.word	1033
 293               	.global	ManufacturerString
 296               	ManufacturerString:
 297 00a3 18        		.byte	24
 298 00a4 03        		.byte	3
 299 00a5 4400      		.string	"D"
 300 00a7 6500      		.string	"e"
 301 00a9 6100      		.string	"a"
 302 00ab 6E00      		.string	"n"
 303 00ad 2000      		.string	" "
 304 00af 4300      		.string	"C"
 305 00b1 6100      		.string	"a"
 306 00b3 6D00      		.string	"m"
 307 00b5 6500      		.string	"e"
 308 00b7 7200      		.string	"r"
 309 00b9 6100      		.string	"a"
 310 00bb 00        		.string	""
 311 00bc 00        		.string	""
 312               	.global	ProductString
 315               	ProductString:
 316 00bd 1C        		.byte	28
 317 00be 03        		.byte	3
 318 00bf 4C00      		.string	"L"
 319 00c1 5500      		.string	"U"
 320 00c3 4600      		.string	"F"
 321 00c5 4100      		.string	"A"
 322 00c7 2000      		.string	" "
 323 00c9 4400      		.string	"D"
 324 00cb 7500      		.string	"u"
 325 00cd 6100      		.string	"a"
 326 00cf 6C00      		.string	"l"
 327 00d1 2000      		.string	" "
 328 00d3 4300      		.string	"C"
 329 00d5 4400      		.string	"D"
 330 00d7 4300      		.string	"C"
 331 00d9 2000      		.string	" "
 332 00db 4400      		.string	"D"
 333 00dd 6500      		.string	"e"
 334 00df 6D00      		.string	"m"
 335 00e1 6F00      		.string	"o"
 336 00e3 00        		.string	""
 337 00e4 00        		.string	""
 362               	.Letext0:
DEFINED SYMBOLS
                            *ABS*:00000000 Descriptors.c
C:\Users\andz\AppData\Local\Temp/ccyiWmsg.s:2      *ABS*:0000003f __SREG__
C:\Users\andz\AppData\Local\Temp/ccyiWmsg.s:3      *ABS*:0000003e __SP_H__
C:\Users\andz\AppData\Local\Temp/ccyiWmsg.s:4      *ABS*:0000003d __SP_L__
C:\Users\andz\AppData\Local\Temp/ccyiWmsg.s:5      *ABS*:00000034 __CCP__
C:\Users\andz\AppData\Local\Temp/ccyiWmsg.s:6      *ABS*:00000000 __tmp_reg__
C:\Users\andz\AppData\Local\Temp/ccyiWmsg.s:7      *ABS*:00000001 __zero_reg__
C:\Users\andz\AppData\Local\Temp/ccyiWmsg.s:19     .text.CALLBACK_USB_GetDescriptor:00000000 CALLBACK_USB_GetDescriptor
C:\Users\andz\AppData\Local\Temp/ccyiWmsg.s:133    .progmem.data:00000000 DeviceDescriptor
C:\Users\andz\AppData\Local\Temp/ccyiWmsg.s:151    .progmem.data:00000012 ConfigurationDescriptor
C:\Users\andz\AppData\Local\Temp/ccyiWmsg.s:289    .progmem.data:0000009f LanguageString
C:\Users\andz\AppData\Local\Temp/ccyiWmsg.s:296    .progmem.data:000000a3 ManufacturerString
C:\Users\andz\AppData\Local\Temp/ccyiWmsg.s:315    .progmem.data:000000bd ProductString

NO UNDEFINED SYMBOLS
