Archive member included because of file (symbol)

c:/winavr-20100110/bin/../lib/gcc/avr/4.3.3/avr5\libgcc.a(_udivmodsi4.o)
                              usb_specific_request.o (__udivmodsi4)
c:/winavr-20100110/bin/../lib/gcc/avr/4.3.3/avr5\libgcc.a(_exit.o)
                              c:/winavr-20100110/bin/../lib/gcc/avr/4.3.3/../../../../avr/lib/avr5/crtm32u4.o (exit)
c:/winavr-20100110/bin/../lib/gcc/avr/4.3.3/avr5\libgcc.a(_copy_data.o)
                              cdc_task.o (__do_copy_data)
c:/winavr-20100110/bin/../lib/gcc/avr/4.3.3/avr5\libgcc.a(_clear_bss.o)
                              uart_usb_lib.o (__do_clear_bss)
c:/winavr-20100110/bin/../lib/gcc/avr/4.3.3/../../../../avr/lib/avr5\libc.a(fdevopen.o)
                              cdc_task.o (fdevopen)
c:/winavr-20100110/bin/../lib/gcc/avr/4.3.3/../../../../avr/lib/avr5\libc.a(iob.o)
                              c:/winavr-20100110/bin/../lib/gcc/avr/4.3.3/../../../../avr/lib/avr5\libc.a(fdevopen.o) (__iob)
c:/winavr-20100110/bin/../lib/gcc/avr/4.3.3/../../../../avr/lib/avr5\libc.a(puts.o)
                              cdc_task.o (puts)
c:/winavr-20100110/bin/../lib/gcc/avr/4.3.3/../../../../avr/lib/avr5\libc.a(calloc.o)
                              c:/winavr-20100110/bin/../lib/gcc/avr/4.3.3/../../../../avr/lib/avr5\libc.a(fdevopen.o) (calloc)
c:/winavr-20100110/bin/../lib/gcc/avr/4.3.3/../../../../avr/lib/avr5\libc.a(malloc.o)
                              c:/winavr-20100110/bin/../lib/gcc/avr/4.3.3/../../../../avr/lib/avr5\libc.a(calloc.o) (malloc)
c:/winavr-20100110/bin/../lib/gcc/avr/4.3.3/../../../../avr/lib/avr5\libc.a(memset.o)
                              c:/winavr-20100110/bin/../lib/gcc/avr/4.3.3/../../../../avr/lib/avr5\libc.a(calloc.o) (memset)

Allocating common symbols
Common symbol       size              file

delay_num           0x10              jtag_usb_lib.o
wInterface          0x2               usb_standard_request.o
__brkval            0x2               c:/winavr-20100110/bin/../lib/gcc/avr/4.3.3/../../../../avr/lib/avr5\libc.a(malloc.o)
line_coding         0x7               cdc_task.o
rs2usb              0xa               cdc_task.o
rx_counter          0x1               uart_usb_lib.o
line_status         0x1               cdc_task.o
cpt_sof             0x1               cdc_task.o
usb_remote_wup_feature
                    0x1               usb_standard_request.o
serial_state        0x2               cdc_task.o
delay_exp           0x8               jtag_usb_lib.o
usb_configuration_nb
                    0x1               usb_standard_request.o
__flp               0x2               c:/winavr-20100110/bin/../lib/gcc/avr/4.3.3/../../../../avr/lib/avr5\libc.a(malloc.o)
data_to_transfer    0x1               usb_standard_request.o
__iob               0x6               c:/winavr-20100110/bin/../lib/gcc/avr/4.3.3/../../../../avr/lib/avr5\libc.a(iob.o)
pbuffer             0x2               usb_standard_request.o
jtag_rx_counter     0x1               jtag_usb_lib.o

Memory Configuration

Name             Origin             Length             Attributes
text             0x00000000         0x00020000         xr
data             0x00800060         0x0000ffa0         rw !x
eeprom           0x00810000         0x00010000         rw !x
fuse             0x00820000         0x00000400         rw !x
lock             0x00830000         0x00000400         rw !x
signature        0x00840000         0x00000400         rw !x
*default*        0x00000000         0xffffffff

Linker script and memory map

Address of section .data set to 0x800100
LOAD c:/winavr-20100110/bin/../lib/gcc/avr/4.3.3/../../../../avr/lib/avr5/crtm32u4.o
LOAD main.o
LOAD uart_usb_lib.o
LOAD usb_descriptors.o
LOAD usb_specific_request.o
LOAD usb_standard_request.o
LOAD cdc_task.o
LOAD usb_device_task.o
LOAD usb_task.o
LOAD scheduler.o
LOAD start_boot.o
LOAD usb_drv.o
LOAD uart_lib.o
LOAD power_drv.o
LOAD flash_drv.o
LOAD jtag_task.o
LOAD jtag_usb_lib.o
LOAD c:/winavr-20100110/bin/../lib/gcc/avr/4.3.3/avr5\libgcc.a
LOAD c:/winavr-20100110/bin/../lib/gcc/avr/4.3.3/../../../../avr/lib/avr5\libc.a
LOAD c:/winavr-20100110/bin/../lib/gcc/avr/4.3.3/avr5\libgcc.a

.hash
 *(.hash)

.dynsym
 *(.dynsym)

.dynstr
 *(.dynstr)

.gnu.version
 *(.gnu.version)

.gnu.version_d
 *(.gnu.version_d)

.gnu.version_r
 *(.gnu.version_r)

.rel.init
 *(.rel.init)

.rela.init
 *(.rela.init)

.rel.text
 *(.rel.text)
 *(.rel.text.*)
 *(.rel.gnu.linkonce.t*)

.rela.text
 *(.rela.text)
 *(.rela.text.*)
 *(.rela.gnu.linkonce.t*)

.rel.fini
 *(.rel.fini)

.rela.fini
 *(.rela.fini)

.rel.rodata
 *(.rel.rodata)
 *(.rel.rodata.*)
 *(.rel.gnu.linkonce.r*)

.rela.rodata
 *(.rela.rodata)
 *(.rela.rodata.*)
 *(.rela.gnu.linkonce.r*)

.rel.data
 *(.rel.data)
 *(.rel.data.*)
 *(.rel.gnu.linkonce.d*)

.rela.data
 *(.rela.data)
 *(.rela.data.*)
 *(.rela.gnu.linkonce.d*)

.rel.ctors
 *(.rel.ctors)

.rela.ctors
 *(.rela.ctors)

.rel.dtors
 *(.rel.dtors)

.rela.dtors
 *(.rela.dtors)

.rel.got
 *(.rel.got)

.rela.got
 *(.rela.got)

.rel.bss
 *(.rel.bss)

.rela.bss
 *(.rela.bss)

.rel.plt
 *(.rel.plt)

.rela.plt
 *(.rela.plt)

.text           0x00000000     0x1678
 *(.vectors)
 .vectors       0x00000000       0xac c:/winavr-20100110/bin/../lib/gcc/avr/4.3.3/../../../../avr/lib/avr5/crtm32u4.o
                0x00000000                __vectors
                0x00000000                __vector_default
 *(.vectors)
 *(.progmem.gcc*)
 *(.progmem*)
 .progmem.data  0x000000ac       0xaa usb_descriptors.o
                0x00000152                usb_user_language_id
                0x000000ac                usb_dev_desc
                0x00000124                usb_user_product_string_descriptor
                0x00000146                usb_user_serial_number
                0x00000118                usb_user_manufacturer_string_descriptor
                0x000000be                usb_conf_desc
 .progmem.data  0x00000156        0x8 jtag_usb_lib.o
                0x00000156                pin_invert
                0x0000015e                . = ALIGN (0x2)
                0x0000015e                __trampolines_start = .
 *(.trampolines)
 .trampolines   0x0000015e        0x0 linker stubs
 *(.trampolines*)
                0x0000015e                __trampolines_end = .
 *(.jumptables)
 *(.jumptables*)
 *(.lowtext)
 *(.lowtext*)
                0x0000015e                __ctors_start = .
 *(.ctors)
                0x0000015e                __ctors_end = .
                0x0000015e                __dtors_start = .
 *(.dtors)
                0x0000015e                __dtors_end = .
 SORT(*)(.ctors)
 SORT(*)(.dtors)
 *(.init0)
 .init0         0x0000015e        0x0 c:/winavr-20100110/bin/../lib/gcc/avr/4.3.3/../../../../avr/lib/avr5/crtm32u4.o
                0x0000015e                __init
 *(.init0)
 *(.init1)
 *(.init1)
 *(.init2)
 .init2         0x0000015e        0xc c:/winavr-20100110/bin/../lib/gcc/avr/4.3.3/../../../../avr/lib/avr5/crtm32u4.o
 *(.init2)
 *(.init3)
 .init3         0x0000016a        0x2 main.o
                0x0000016a                __low_level_init
 *(.init3)
 *(.init4)
 .init4         0x0000016c       0x16 c:/winavr-20100110/bin/../lib/gcc/avr/4.3.3/avr5\libgcc.a(_copy_data.o)
                0x0000016c                __do_copy_data
 .init4         0x00000182       0x10 c:/winavr-20100110/bin/../lib/gcc/avr/4.3.3/avr5\libgcc.a(_clear_bss.o)
                0x00000182                __do_clear_bss
 *(.init4)
 *(.init5)
 *(.init5)
 *(.init6)
 *(.init6)
 *(.init7)
 *(.init7)
 *(.init8)
 *(.init8)
 *(.init9)
 .init9         0x00000192        0x8 c:/winavr-20100110/bin/../lib/gcc/avr/4.3.3/../../../../avr/lib/avr5/crtm32u4.o
 *(.init9)
 *(.text)
 .text          0x0000019a        0x4 c:/winavr-20100110/bin/../lib/gcc/avr/4.3.3/../../../../avr/lib/avr5/crtm32u4.o
                0x0000019a                __vector_38
                0x0000019a                __vector_22
                0x0000019a                __vector_28
                0x0000019a                __vector_1
                0x0000019a                __vector_32
                0x0000019a                __vector_34
                0x0000019a                __vector_24
                0x0000019a                __vector_12
                0x0000019a                __bad_interrupt
                0x0000019a                __vector_6
                0x0000019a                __vector_31
                0x0000019a                __vector_35
                0x0000019a                __vector_39
                0x0000019a                __vector_3
                0x0000019a                __vector_23
                0x0000019a                __vector_30
                0x0000019a                __vector_11
                0x0000019a                __vector_13
                0x0000019a                __vector_17
                0x0000019a                __vector_19
                0x0000019a                __vector_7
                0x0000019a                __vector_41
                0x0000019a                __vector_27
                0x0000019a                __vector_5
                0x0000019a                __vector_33
                0x0000019a                __vector_37
                0x0000019a                __vector_4
                0x0000019a                __vector_9
                0x0000019a                __vector_2
                0x0000019a                __vector_21
                0x0000019a                __vector_15
                0x0000019a                __vector_36
                0x0000019a                __vector_29
                0x0000019a                __vector_40
                0x0000019a                __vector_8
                0x0000019a                __vector_26
                0x0000019a                __vector_14
                0x0000019a                __vector_16
                0x0000019a                __vector_18
                0x0000019a                __vector_20
                0x0000019a                __vector_42
 .text          0x0000019e       0x2a main.o
                0x0000019e                main
 .text          0x000001c8      0x12a uart_usb_lib.o
                0x000001c8                uart_usb_init
                0x00000260                uart_usb_send_buffer
                0x000001ce                uart_usb_test_hit
                0x000002cc                uart_usb_putchar
                0x0000024c                uart_usb_tx_ready
                0x0000020e                uart_usb_getchar
 .text          0x000002f2        0x0 usb_descriptors.o
 .text          0x000002f2      0x2c8 usb_specific_request.o
                0x00000368                cdc_set_line_coding
                0x000002f2                usb_user_get_descriptor
                0x0000043a                cdc_update_serial_state
                0x00000418                cdc_set_control_line_state
                0x000004e0                usb_user_read_request
                0x000004bc                cdc_send_break
                0x0000053c                usb_user_endpoint_init
                0x000002f6                cdc_get_line_coding
 .text          0x000005ba      0x4a0 usb_standard_request.o
                0x000005ba                usb_generate_remote_wakeup
                0x000005f8                usb_process_request
 .text          0x00000a5a      0x112 cdc_task.o
                0x00000a5a                sof_action
                0x00000a66                __vector_25
                0x00000aee                cdc_task
                0x00000b40                cdc_task_init
 .text          0x00000b6c       0xdc usb_device_task.o
                0x00000b8c                usb_start_device
                0x00000b6c                usb_device_task_init
                0x00000be6                usb_device_task
 .text          0x00000c48      0x238 usb_task.o
                0x00000e70                usb_task
                0x00000e76                usb_task_init
                0x00000c48                __vector_10
 .text          0x00000e80       0x28 scheduler.o
                0x00000e80                scheduler_empty_fct
                0x00000e82                scheduler_tasks
                0x00000e90                scheduler_init
                0x00000e9e                scheduler
 .text          0x00000ea8       0x62 start_boot.o
                0x00000ea8                start_boot_if_required
                0x00000ede                start_boot
 .text          0x00000f0a       0xb6 usb_drv.o
                0x00000f3a                usb_select_enpoint_interrupt
                0x00000f72                usb_read_packet
                0x00000fa2                usb_init_device
                0x00000f52                usb_send_packet
                0x00000f0a                usb_config_ep
                0x00000f92                usb_halt_endpoint
 .text          0x00000fc0       0x52 uart_lib.o
                0x00001004                uart_getchar
                0x00000fc8                uart_init
                0x00000fc0                uart_test_hit
                0x00000ff2                uart_putchar
 .text          0x00001012       0x98 power_drv.o
                0x00001082                Clock_switch_internal
                0x0000105a                Clock_switch_external
                0x00001012                set_power_down_mode
                0x00001036                set_power_save_mode
                0x0000101e                set_idle_mode
                0x00001042                set_standby_mode
                0x0000102a                set_adc_noise_reduction_mode
                0x0000104e                set_ext_standby_mode
 .text          0x000010aa       0x2c flash_drv.o
                0x000010aa                flash_read_sig
                0x000010ba                flash_read_fuse
 .text          0x000010d6       0x16 jtag_task.o
                0x000010e0                jtag_task_init
                0x000010d6                jtag_task
 .text          0x000010ec      0x1f2 jtag_usb_lib.o
                0x0000123e                jtag_block_xmit
                0x000011ac                jtag_usb_send_buffer
                0x000012a0                jtag_single
                0x0000111a                jtag_usb_test_hit
                0x00001198                jtag_usb_tx_ready
                0x00001218                jtag_usb_putchar
                0x000010f8                jtag_config_chain
                0x000010f2                jtag_set_chain
                0x000010ec                jtag_usb_init
                0x0000115a                jtag_usb_getchar
 .text          0x000012de        0x0 c:/winavr-20100110/bin/../lib/gcc/avr/4.3.3/avr5\libgcc.a(_udivmodsi4.o)
 .text          0x000012de        0x0 c:/winavr-20100110/bin/../lib/gcc/avr/4.3.3/avr5\libgcc.a(_exit.o)
 .text          0x000012de        0x0 c:/winavr-20100110/bin/../lib/gcc/avr/4.3.3/avr5\libgcc.a(_copy_data.o)
 .text          0x000012de        0x0 c:/winavr-20100110/bin/../lib/gcc/avr/4.3.3/avr5\libgcc.a(_clear_bss.o)
 .text          0x000012de        0x0 c:/winavr-20100110/bin/../lib/gcc/avr/4.3.3/../../../../avr/lib/avr5\libc.a(fdevopen.o)
 .text          0x000012de        0x0 c:/winavr-20100110/bin/../lib/gcc/avr/4.3.3/../../../../avr/lib/avr5\libc.a(iob.o)
 .text          0x000012de        0x0 c:/winavr-20100110/bin/../lib/gcc/avr/4.3.3/../../../../avr/lib/avr5\libc.a(puts.o)
 .text          0x000012de        0x0 c:/winavr-20100110/bin/../lib/gcc/avr/4.3.3/../../../../avr/lib/avr5\libc.a(calloc.o)
 .text          0x000012de        0x0 c:/winavr-20100110/bin/../lib/gcc/avr/4.3.3/../../../../avr/lib/avr5\libc.a(malloc.o)
 .text          0x000012de        0x0 c:/winavr-20100110/bin/../lib/gcc/avr/4.3.3/../../../../avr/lib/avr5\libc.a(memset.o)
                0x000012de                . = ALIGN (0x2)
 *(.text.*)
 .text.libgcc   0x000012de       0x44 c:/winavr-20100110/bin/../lib/gcc/avr/4.3.3/avr5\libgcc.a(_udivmodsi4.o)
                0x000012de                __udivmodsi4
 .text.libgcc   0x00001322        0x0 c:/winavr-20100110/bin/../lib/gcc/avr/4.3.3/avr5\libgcc.a(_exit.o)
 .text.libgcc   0x00001322        0x0 c:/winavr-20100110/bin/../lib/gcc/avr/4.3.3/avr5\libgcc.a(_copy_data.o)
 .text.libgcc   0x00001322        0x0 c:/winavr-20100110/bin/../lib/gcc/avr/4.3.3/avr5\libgcc.a(_clear_bss.o)
 .text.avr-libc
                0x00001322       0x98 c:/winavr-20100110/bin/../lib/gcc/avr/4.3.3/../../../../avr/lib/avr5\libc.a(fdevopen.o)
                0x00001322                fdevopen
 .text.avr-libc
                0x000013ba       0x6a c:/winavr-20100110/bin/../lib/gcc/avr/4.3.3/../../../../avr/lib/avr5\libc.a(puts.o)
                0x000013ba                puts
 .text.avr-libc
                0x00001424       0x38 c:/winavr-20100110/bin/../lib/gcc/avr/4.3.3/../../../../avr/lib/avr5\libc.a(calloc.o)
                0x00001424                calloc
 .text.avr-libc
                0x0000145c      0x20a c:/winavr-20100110/bin/../lib/gcc/avr/4.3.3/../../../../avr/lib/avr5\libc.a(malloc.o)
                0x0000145c                malloc
                0x000015b6                free
 .text.avr-libc
                0x00001666        0xe c:/winavr-20100110/bin/../lib/gcc/avr/4.3.3/../../../../avr/lib/avr5\libc.a(memset.o)
                0x00001666                memset
                0x00001674                . = ALIGN (0x2)
 *(.fini9)
 .fini9         0x00001674        0x0 c:/winavr-20100110/bin/../lib/gcc/avr/4.3.3/avr5\libgcc.a(_exit.o)
                0x00001674                exit
                0x00001674                _exit
 *(.fini9)
 *(.fini8)
 *(.fini8)
 *(.fini7)
 *(.fini7)
 *(.fini6)
 *(.fini6)
 *(.fini5)
 *(.fini5)
 *(.fini4)
 *(.fini4)
 *(.fini3)
 *(.fini3)
 *(.fini2)
 *(.fini2)
 *(.fini1)
 *(.fini1)
 *(.fini0)
 .fini0         0x00001674        0x4 c:/winavr-20100110/bin/../lib/gcc/avr/4.3.3/avr5\libgcc.a(_exit.o)
 *(.fini0)
                0x00001678                _etext = .

.data           0x00800100        0xe load address 0x00001678
                0x00800100                PROVIDE (__data_start, .)
 *(.data)
 .data          0x00800100        0x0 c:/winavr-20100110/bin/../lib/gcc/avr/4.3.3/../../../../avr/lib/avr5/crtm32u4.o
 .data          0x00800100        0x0 main.o
 .data          0x00800100        0x0 uart_usb_lib.o
 .data          0x00800100        0x0 usb_descriptors.o
 .data          0x00800100        0x0 usb_specific_request.o
 .data          0x00800100        0x0 usb_standard_request.o
 .data          0x00800100        0x6 cdc_task.o
 .data          0x00800106        0x0 usb_device_task.o
 .data          0x00800106        0x0 usb_task.o
 .data          0x00800106        0x0 scheduler.o
 .data          0x00800106        0x2 start_boot.o
                0x00800106                start_bootloader
 .data          0x00800108        0x0 usb_drv.o
 .data          0x00800108        0x0 uart_lib.o
 .data          0x00800108        0x0 power_drv.o
 .data          0x00800108        0x0 flash_drv.o
 .data          0x00800108        0x0 jtag_task.o
 .data          0x00800108        0x0 jtag_usb_lib.o
 .data          0x00800108        0x0 c:/winavr-20100110/bin/../lib/gcc/avr/4.3.3/avr5\libgcc.a(_udivmodsi4.o)
 .data          0x00800108        0x0 c:/winavr-20100110/bin/../lib/gcc/avr/4.3.3/avr5\libgcc.a(_exit.o)
 .data          0x00800108        0x0 c:/winavr-20100110/bin/../lib/gcc/avr/4.3.3/avr5\libgcc.a(_copy_data.o)
 .data          0x00800108        0x0 c:/winavr-20100110/bin/../lib/gcc/avr/4.3.3/avr5\libgcc.a(_clear_bss.o)
 .data          0x00800108        0x0 c:/winavr-20100110/bin/../lib/gcc/avr/4.3.3/../../../../avr/lib/avr5\libc.a(fdevopen.o)
 .data          0x00800108        0x0 c:/winavr-20100110/bin/../lib/gcc/avr/4.3.3/../../../../avr/lib/avr5\libc.a(iob.o)
 .data          0x00800108        0x0 c:/winavr-20100110/bin/../lib/gcc/avr/4.3.3/../../../../avr/lib/avr5\libc.a(puts.o)
 .data          0x00800108        0x0 c:/winavr-20100110/bin/../lib/gcc/avr/4.3.3/../../../../avr/lib/avr5\libc.a(calloc.o)
 .data          0x00800108        0x6 c:/winavr-20100110/bin/../lib/gcc/avr/4.3.3/../../../../avr/lib/avr5\libc.a(malloc.o)
                0x0080010a                __malloc_heap_start
                0x0080010c                __malloc_heap_end
                0x00800108                __malloc_margin
 .data          0x0080010e        0x0 c:/winavr-20100110/bin/../lib/gcc/avr/4.3.3/../../../../avr/lib/avr5\libc.a(memset.o)
 *(.data*)
 *(.rodata)
 *(.rodata*)
 *(.gnu.linkonce.d*)
                0x0080010e                . = ALIGN (0x2)
                0x0080010e                _edata = .
                0x0080010e                PROVIDE (__data_end, .)

.bss            0x0080010e       0x53
                0x0080010e                PROVIDE (__bss_start, .)
 *(.bss)
 .bss           0x0080010e        0x0 c:/winavr-20100110/bin/../lib/gcc/avr/4.3.3/../../../../avr/lib/avr5/crtm32u4.o
 .bss           0x0080010e        0x0 main.o
 .bss           0x0080010e        0x0 uart_usb_lib.o
 .bss           0x0080010e        0x0 usb_descriptors.o
 .bss           0x0080010e        0x3 usb_specific_request.o
                0x0080010e                usb_request_break_generation
 .bss           0x00800111        0xa usb_standard_request.o
                0x00800111                remote_wakeup_feature
 .bss           0x0080011b        0x0 cdc_task.o
 .bss           0x0080011b        0x2 usb_device_task.o
                0x0080011c                usb_suspended
                0x0080011b                usb_connected
 .bss           0x0080011d        0x2 usb_task.o
                0x0080011d                g_usb_event
 .bss           0x0080011f        0x0 scheduler.o
 .bss           0x0080011f        0x0 start_boot.o
 .bss           0x0080011f        0x0 usb_drv.o
 .bss           0x0080011f        0x0 uart_lib.o
 .bss           0x0080011f        0x0 power_drv.o
 .bss           0x0080011f        0x0 flash_drv.o
 .bss           0x0080011f        0x0 jtag_task.o
 .bss           0x0080011f        0x2 jtag_usb_lib.o
                0x0080011f                dummy_var_for_bug_protection
                0x00800120                current_chain
 .bss           0x00800121        0x0 c:/winavr-20100110/bin/../lib/gcc/avr/4.3.3/avr5\libgcc.a(_udivmodsi4.o)
 .bss           0x00800121        0x0 c:/winavr-20100110/bin/../lib/gcc/avr/4.3.3/avr5\libgcc.a(_exit.o)
 .bss           0x00800121        0x0 c:/winavr-20100110/bin/../lib/gcc/avr/4.3.3/avr5\libgcc.a(_copy_data.o)
 .bss           0x00800121        0x0 c:/winavr-20100110/bin/../lib/gcc/avr/4.3.3/avr5\libgcc.a(_clear_bss.o)
 .bss           0x00800121        0x0 c:/winavr-20100110/bin/../lib/gcc/avr/4.3.3/../../../../avr/lib/avr5\libc.a(fdevopen.o)
 .bss           0x00800121        0x0 c:/winavr-20100110/bin/../lib/gcc/avr/4.3.3/../../../../avr/lib/avr5\libc.a(iob.o)
 .bss           0x00800121        0x0 c:/winavr-20100110/bin/../lib/gcc/avr/4.3.3/../../../../avr/lib/avr5\libc.a(puts.o)
 .bss           0x00800121        0x0 c:/winavr-20100110/bin/../lib/gcc/avr/4.3.3/../../../../avr/lib/avr5\libc.a(calloc.o)
 .bss           0x00800121        0x0 c:/winavr-20100110/bin/../lib/gcc/avr/4.3.3/../../../../avr/lib/avr5\libc.a(malloc.o)
 .bss           0x00800121        0x0 c:/winavr-20100110/bin/../lib/gcc/avr/4.3.3/../../../../avr/lib/avr5\libc.a(memset.o)
 *(.bss*)
 *(COMMON)
 COMMON         0x00800121        0x1 uart_usb_lib.o
                0x00800121                rx_counter
 COMMON         0x00800122        0x7 usb_standard_request.o
                0x00800122                wInterface
                0x00800124                usb_remote_wup_feature
                0x00800125                usb_configuration_nb
                0x00800126                data_to_transfer
                0x00800127                pbuffer
 COMMON         0x00800129       0x15 cdc_task.o
                0x00800129                line_coding
                0x00800130                rs2usb
                0x0080013a                line_status
                0x0080013b                cpt_sof
                0x0080013c                serial_state
 COMMON         0x0080013e       0x19 jtag_usb_lib.o
                0x0080013e                delay_num
                0x0080014e                delay_exp
                0x00800156                jtag_rx_counter
 COMMON         0x00800157        0x6 c:/winavr-20100110/bin/../lib/gcc/avr/4.3.3/../../../../avr/lib/avr5\libc.a(iob.o)
                0x00800157                __iob
 COMMON         0x0080015d        0x4 c:/winavr-20100110/bin/../lib/gcc/avr/4.3.3/../../../../avr/lib/avr5\libc.a(malloc.o)
                0x0080015d                __brkval
                0x0080015f                __flp
                0x00800161                PROVIDE (__bss_end, .)
                0x00001678                __data_load_start = LOADADDR (.data)
                0x00001686                __data_load_end = (__data_load_start + SIZEOF (.data))

.noinit         0x00800161        0x4
                0x00800161                PROVIDE (__noinit_start, .)
 *(.noinit*)
 .noinit        0x00800161        0x4 start_boot.o
                0x00800161                boot_key
                0x00800165                PROVIDE (__noinit_end, .)
                0x00800165                _end = .
                0x00800165                PROVIDE (__heap_start, .)

.eeprom         0x00810000        0x0
 *(.eeprom*)
                0x00810000                __eeprom_end = .

.fuse
 *(.fuse)
 *(.lfuse)
 *(.hfuse)
 *(.efuse)

.lock
 *(.lock*)

.signature
 *(.signature*)

.stab
 *(.stab)

.stabstr
 *(.stabstr)

.stab.excl
 *(.stab.excl)

.stab.exclstr
 *(.stab.exclstr)

.stab.index
 *(.stab.index)

.stab.indexstr
 *(.stab.indexstr)

.comment
 *(.comment)

.debug
 *(.debug)

.line
 *(.line)

.debug_srcinfo
 *(.debug_srcinfo)

.debug_sfnames
 *(.debug_sfnames)

.debug_aranges  0x00000000      0x1e8
 *(.debug_aranges)
 .debug_aranges
                0x00000000       0x28 main.o
 .debug_aranges
                0x00000028       0x20 uart_usb_lib.o
 .debug_aranges
                0x00000048       0x20 usb_specific_request.o
 .debug_aranges
                0x00000068       0x20 usb_standard_request.o
 .debug_aranges
                0x00000088       0x20 cdc_task.o
 .debug_aranges
                0x000000a8       0x20 usb_device_task.o
 .debug_aranges
                0x000000c8       0x20 usb_task.o
 .debug_aranges
                0x000000e8       0x20 scheduler.o
 .debug_aranges
                0x00000108       0x20 start_boot.o
 .debug_aranges
                0x00000128       0x20 usb_drv.o
 .debug_aranges
                0x00000148       0x20 uart_lib.o
 .debug_aranges
                0x00000168       0x20 power_drv.o
 .debug_aranges
                0x00000188       0x20 flash_drv.o
 .debug_aranges
                0x000001a8       0x20 jtag_task.o
 .debug_aranges
                0x000001c8       0x20 jtag_usb_lib.o

.debug_pubnames
                0x00000000      0x8bc
 *(.debug_pubnames)
 .debug_pubnames
                0x00000000       0x30 main.o
 .debug_pubnames
                0x00000030       0xa2 uart_usb_lib.o
 .debug_pubnames
                0x000000d2       0xbc usb_descriptors.o
 .debug_pubnames
                0x0000018e      0x102 usb_specific_request.o
 .debug_pubnames
                0x00000290       0xc7 usb_standard_request.o
 .debug_pubnames
                0x00000357       0x98 cdc_task.o
 .debug_pubnames
                0x000003ef       0x78 usb_device_task.o
 .debug_pubnames
                0x00000467       0x51 usb_task.o
 .debug_pubnames
                0x000004b8       0x5f scheduler.o
 .debug_pubnames
                0x00000517       0x5e start_boot.o
 .debug_pubnames
                0x00000575       0x97 usb_drv.o
 .debug_pubnames
                0x0000060c       0x54 uart_lib.o
 .debug_pubnames
                0x00000660       0xd7 power_drv.o
 .debug_pubnames
                0x00000737       0x33 jtag_task.o
 .debug_pubnames
                0x0000076a      0x152 jtag_usb_lib.o

.debug_info     0x00000000     0x22c8
 *(.debug_info)
 .debug_info    0x00000000       0xb4 main.o
 .debug_info    0x000000b4      0x189 uart_usb_lib.o
 .debug_info    0x0000023d      0x568 usb_descriptors.o
 .debug_info    0x000007a5      0x39a usb_specific_request.o
 .debug_info    0x00000b3f      0x7b1 usb_standard_request.o
 .debug_info    0x000012f0      0x32d cdc_task.o
 .debug_info    0x0000161d      0x114 usb_device_task.o
 .debug_info    0x00001731      0x11c usb_task.o
 .debug_info    0x0000184d       0xd6 scheduler.o
 .debug_info    0x00001923       0xdf start_boot.o
 .debug_info    0x00001a02      0x1f0 usb_drv.o
 .debug_info    0x00001bf2      0x10b uart_lib.o
 .debug_info    0x00001cfd      0x120 power_drv.o
 .debug_info    0x00001e1d       0xa6 flash_drv.o
 .debug_info    0x00001ec3       0xbf jtag_task.o
 .debug_info    0x00001f82      0x346 jtag_usb_lib.o
 *(.gnu.linkonce.wi.*)

.debug_abbrev   0x00000000      0xc78
 *(.debug_abbrev)
 .debug_abbrev  0x00000000       0x4c main.o
 .debug_abbrev  0x0000004c       0xee uart_usb_lib.o
 .debug_abbrev  0x0000013a       0xcb usb_descriptors.o
 .debug_abbrev  0x00000205      0x199 usb_specific_request.o
 .debug_abbrev  0x0000039e      0x1e8 usb_standard_request.o
 .debug_abbrev  0x00000586      0x146 cdc_task.o
 .debug_abbrev  0x000006cc       0x7e usb_device_task.o
 .debug_abbrev  0x0000074a       0x7e usb_task.o
 .debug_abbrev  0x000007c8       0x66 scheduler.o
 .debug_abbrev  0x0000082e       0x76 start_boot.o
 .debug_abbrev  0x000008a4       0xcc usb_drv.o
 .debug_abbrev  0x00000970       0xa5 uart_lib.o
 .debug_abbrev  0x00000a15       0x48 power_drv.o
 .debug_abbrev  0x00000a5d       0x14 flash_drv.o
 .debug_abbrev  0x00000a71       0x66 jtag_task.o
 .debug_abbrev  0x00000ad7      0x1a1 jtag_usb_lib.o

.debug_line     0x00000000     0x1d9f
 *(.debug_line)
 .debug_line    0x00000000       0xb1 main.o
 .debug_line    0x000000b1      0x1b4 uart_usb_lib.o
 .debug_line    0x00000265       0xb2 usb_descriptors.o
 .debug_line    0x00000317      0x377 usb_specific_request.o
 .debug_line    0x0000068e      0x5ac usb_standard_request.o
 .debug_line    0x00000c3a      0x1fe cdc_task.o
 .debug_line    0x00000e38      0x1da usb_device_task.o
 .debug_line    0x00001012      0x2cf usb_task.o
 .debug_line    0x000012e1       0xe4 scheduler.o
 .debug_line    0x000013c5       0xf8 start_boot.o
 .debug_line    0x000014bd      0x1c3 usb_drv.o
 .debug_line    0x00001680      0x136 uart_lib.o
 .debug_line    0x000017b6      0x182 power_drv.o
 .debug_line    0x00001938       0x65 flash_drv.o
 .debug_line    0x0000199d      0x10a jtag_task.o
 .debug_line    0x00001aa7      0x2f8 jtag_usb_lib.o

.debug_frame    0x00000000      0x4e0
 *(.debug_frame)
 .debug_frame   0x00000000       0x30 main.o
 .debug_frame   0x00000030       0x70 uart_usb_lib.o
 .debug_frame   0x000000a0       0x90 usb_specific_request.o
 .debug_frame   0x00000130       0x30 usb_standard_request.o
 .debug_frame   0x00000160       0x50 cdc_task.o
 .debug_frame   0x000001b0       0x40 usb_device_task.o
 .debug_frame   0x000001f0       0x40 usb_task.o
 .debug_frame   0x00000230       0x50 scheduler.o
 .debug_frame   0x00000280       0x30 start_boot.o
 .debug_frame   0x000002b0       0x70 usb_drv.o
 .debug_frame   0x00000320       0x50 uart_lib.o
 .debug_frame   0x00000370       0x90 power_drv.o
 .debug_frame   0x00000400       0x30 jtag_task.o
 .debug_frame   0x00000430       0xb0 jtag_usb_lib.o

.debug_str      0x00000000      0xe1a
 *(.debug_str)
 .debug_str     0x00000000       0xe5 main.o
                                0x11e (size before relaxing)
 .debug_str     0x000000e5       0xa6 uart_usb_lib.o
                                0x1b2 (size before relaxing)
 .debug_str     0x0000018b      0x384 usb_descriptors.o
                                0x47e (size before relaxing)
 .debug_str     0x0000050f      0x1bc usb_specific_request.o
                                0x2f5 (size before relaxing)
 .debug_str     0x000006cb      0x211 usb_standard_request.o
                                0x587 (size before relaxing)
 .debug_str     0x000008dc       0x68 cdc_task.o
                                0x25c (size before relaxing)
 .debug_str     0x00000944       0x7d usb_device_task.o
                                0x18c (size before relaxing)
 .debug_str     0x000009c1       0x41 usb_task.o
                                0x18f (size before relaxing)
 .debug_str     0x00000a02       0x62 scheduler.o
                                0x15c (size before relaxing)
 .debug_str     0x00000a64       0x5d start_boot.o
                                0x157 (size before relaxing)
 .debug_str     0x00000ac1       0xd8 usb_drv.o
                                0x1d2 (size before relaxing)
 .debug_str     0x00000b99       0x51 uart_lib.o
                                0x14b (size before relaxing)
 .debug_str     0x00000bea       0xc6 power_drv.o
                                0x1c0 (size before relaxing)
 .debug_str     0x00000cb0       0x32 jtag_task.o
                                0x141 (size before relaxing)
 .debug_str     0x00000ce2      0x138 jtag_usb_lib.o
                                0x269 (size before relaxing)

.debug_loc      0x00000000      0x728
 *(.debug_loc)
 .debug_loc     0x00000000       0x8a uart_usb_lib.o
 .debug_loc     0x0000008a      0x10c usb_specific_request.o
 .debug_loc     0x00000196      0x33b usb_standard_request.o
 .debug_loc     0x000004d1       0x26 cdc_task.o
 .debug_loc     0x000004f7      0x101 usb_drv.o
 .debug_loc     0x000005f8       0x2b uart_lib.o
 .debug_loc     0x00000623      0x105 jtag_usb_lib.o

.debug_macinfo
 *(.debug_macinfo)
OUTPUT(usb_uart.elf elf32-avr)
LOAD linker stubs

.debug_ranges   0x00000000       0x68
 .debug_ranges  0x00000000       0x20 main.o
 .debug_ranges  0x00000020       0x48 usb_standard_request.o
