Archive member included because of file (symbol)

c:/winavr-20100110/bin/../lib/gcc/avr/4.3.3/avr5\libgcc.a(_exit.o)
                              c:/winavr-20100110/bin/../lib/gcc/avr/4.3.3/../../../../avr/lib/avr5/crtm32u4.o (exit)
c:/winavr-20100110/bin/../lib/gcc/avr/4.3.3/avr5\libgcc.a(_copy_data.o)
                              DualVirtualSerial.o (__do_copy_data)
c:/winavr-20100110/bin/../lib/gcc/avr/4.3.3/avr5\libgcc.a(_clear_bss.o)
                              DualVirtualSerial.o (__do_clear_bss)
c:/winavr-20100110/bin/../lib/gcc/avr/4.3.3/../../../../avr/lib/avr5\libc.a(eerd_byte_atmega32u4.o)
                              ../LUFA_100219/LUFA/Drivers/USB/LowLevel/Endpoint.o (__eerd_byte_m32u4)
c:/winavr-20100110/bin/../lib/gcc/avr/4.3.3/../../../../avr/lib/avr5\libc.a(eewr_byte_atmega32u4.o)
                              ../LUFA_100219/LUFA/Drivers/USB/LowLevel/Endpoint.o (__eewr_byte_m32u4)

Allocating common symbols
Common symbol       size              file

USB_IsInitialized   0x1               ../LUFA_100219/LUFA/Drivers/USB/HighLevel/USBTask.o
USB_CurrentlySelfPowered
                    0x1               ../LUFA_100219/LUFA/Drivers/USB/LowLevel/DevChapter9.o
USB_RemoteWakeupEnabled
                    0x1               ../LUFA_100219/LUFA/Drivers/USB/LowLevel/DevChapter9.o
USB_DeviceState     0x1               ../LUFA_100219/LUFA/Drivers/USB/HighLevel/USBTask.o
USB_ControlRequest  0x8               ../LUFA_100219/LUFA/Drivers/USB/HighLevel/USBTask.o
USB_ConfigurationNumber
                    0x1               ../LUFA_100219/LUFA/Drivers/USB/LowLevel/DevChapter9.o

Discarded input sections

 .data          0x00000000        0x0 c:/winavr-20100110/bin/../lib/gcc/avr/4.3.3/../../../../avr/lib/avr5/crtm32u4.o
 .bss           0x00000000        0x0 c:/winavr-20100110/bin/../lib/gcc/avr/4.3.3/../../../../avr/lib/avr5/crtm32u4.o
 .text          0x00000000        0x0 DualVirtualSerial.o
 .text          0x00000000        0x0 Descriptors.o
 .data          0x00000000        0x0 Descriptors.o
 .bss           0x00000000        0x0 Descriptors.o
 .text          0x00000000        0x0 ../LUFA_100219/LUFA/Drivers/USB/LowLevel/DevChapter9.o
 .data          0x00000000        0x0 ../LUFA_100219/LUFA/Drivers/USB/LowLevel/DevChapter9.o
 .bss           0x00000000        0x0 ../LUFA_100219/LUFA/Drivers/USB/LowLevel/DevChapter9.o
 .text          0x00000000        0x0 ../LUFA_100219/LUFA/Drivers/USB/LowLevel/Endpoint.o
 .data          0x00000000        0x0 ../LUFA_100219/LUFA/Drivers/USB/LowLevel/Endpoint.o
 .bss           0x00000000        0x0 ../LUFA_100219/LUFA/Drivers/USB/LowLevel/Endpoint.o
 .text.Endpoint_Discard_Stream
                0x00000000        0x0 ../LUFA_100219/LUFA/Drivers/USB/LowLevel/Endpoint.o
 .text.Endpoint_Write_PStream_LE
                0x00000000        0x0 ../LUFA_100219/LUFA/Drivers/USB/LowLevel/Endpoint.o
 .text.Endpoint_Write_Stream_BE
                0x00000000        0x0 ../LUFA_100219/LUFA/Drivers/USB/LowLevel/Endpoint.o
 .text.Endpoint_Write_PStream_BE
                0x00000000        0x0 ../LUFA_100219/LUFA/Drivers/USB/LowLevel/Endpoint.o
 .text.Endpoint_Read_Stream_LE
                0x00000000        0x0 ../LUFA_100219/LUFA/Drivers/USB/LowLevel/Endpoint.o
 .text.Endpoint_Read_Stream_BE
                0x00000000        0x0 ../LUFA_100219/LUFA/Drivers/USB/LowLevel/Endpoint.o
 .text.Endpoint_Write_Control_Stream_BE
                0x00000000        0x0 ../LUFA_100219/LUFA/Drivers/USB/LowLevel/Endpoint.o
 .text.Endpoint_Write_Control_PStream_BE
                0x00000000        0x0 ../LUFA_100219/LUFA/Drivers/USB/LowLevel/Endpoint.o
 .text.Endpoint_Read_Control_Stream_BE
                0x00000000        0x0 ../LUFA_100219/LUFA/Drivers/USB/LowLevel/Endpoint.o
 .text.Endpoint_Read_Control_EStream_BE
                0x00000000        0x0 ../LUFA_100219/LUFA/Drivers/USB/LowLevel/Endpoint.o
 .text.Endpoint_Read_Control_EStream_LE
                0x00000000        0x0 ../LUFA_100219/LUFA/Drivers/USB/LowLevel/Endpoint.o
 .text.Endpoint_Read_EStream_BE
                0x00000000        0x0 ../LUFA_100219/LUFA/Drivers/USB/LowLevel/Endpoint.o
 .text.Endpoint_Read_EStream_LE
                0x00000000        0x0 ../LUFA_100219/LUFA/Drivers/USB/LowLevel/Endpoint.o
 .text.Endpoint_Write_Control_EStream_BE
                0x00000000        0x0 ../LUFA_100219/LUFA/Drivers/USB/LowLevel/Endpoint.o
 .text.Endpoint_Write_Control_EStream_LE
                0x00000000        0x0 ../LUFA_100219/LUFA/Drivers/USB/LowLevel/Endpoint.o
 .text.Endpoint_Write_EStream_BE
                0x00000000        0x0 ../LUFA_100219/LUFA/Drivers/USB/LowLevel/Endpoint.o
 .text.Endpoint_Write_EStream_LE
                0x00000000        0x0 ../LUFA_100219/LUFA/Drivers/USB/LowLevel/Endpoint.o
 .text          0x00000000        0x0 ../LUFA_100219/LUFA/Drivers/USB/LowLevel/Host.o
 .data          0x00000000        0x0 ../LUFA_100219/LUFA/Drivers/USB/LowLevel/Host.o
 .bss           0x00000000        0x0 ../LUFA_100219/LUFA/Drivers/USB/LowLevel/Host.o
 .text          0x00000000        0x0 ../LUFA_100219/LUFA/Drivers/USB/LowLevel/HostChapter9.o
 .data          0x00000000        0x0 ../LUFA_100219/LUFA/Drivers/USB/LowLevel/HostChapter9.o
 .bss           0x00000000        0x0 ../LUFA_100219/LUFA/Drivers/USB/LowLevel/HostChapter9.o
 .text          0x00000000        0x0 ../LUFA_100219/LUFA/Drivers/USB/LowLevel/LowLevel.o
 .data          0x00000000        0x0 ../LUFA_100219/LUFA/Drivers/USB/LowLevel/LowLevel.o
 .bss           0x00000000        0x0 ../LUFA_100219/LUFA/Drivers/USB/LowLevel/LowLevel.o
 .text.USB_ShutDown
                0x00000000        0x0 ../LUFA_100219/LUFA/Drivers/USB/LowLevel/LowLevel.o
 .text          0x00000000        0x0 ../LUFA_100219/LUFA/Drivers/USB/LowLevel/Pipe.o
 .data          0x00000000        0x0 ../LUFA_100219/LUFA/Drivers/USB/LowLevel/Pipe.o
 .bss           0x00000000        0x0 ../LUFA_100219/LUFA/Drivers/USB/LowLevel/Pipe.o
 .text          0x00000000        0x0 ../LUFA_100219/LUFA/Drivers/USB/HighLevel/Events.o
 .data          0x00000000        0x0 ../LUFA_100219/LUFA/Drivers/USB/HighLevel/Events.o
 .bss           0x00000000        0x0 ../LUFA_100219/LUFA/Drivers/USB/HighLevel/Events.o
 .text          0x00000000        0x0 ../LUFA_100219/LUFA/Drivers/USB/HighLevel/USBInterrupt.o
 .data          0x00000000        0x0 ../LUFA_100219/LUFA/Drivers/USB/HighLevel/USBInterrupt.o
 .bss           0x00000000        0x0 ../LUFA_100219/LUFA/Drivers/USB/HighLevel/USBInterrupt.o
 .text          0x00000000        0x0 ../LUFA_100219/LUFA/Drivers/USB/HighLevel/USBTask.o
 .data          0x00000000        0x0 ../LUFA_100219/LUFA/Drivers/USB/HighLevel/USBTask.o
 .bss           0x00000000        0x0 ../LUFA_100219/LUFA/Drivers/USB/HighLevel/USBTask.o
 .text          0x00000000        0x0 ../LUFA_100219/LUFA/Drivers/USB/HighLevel/ConfigDescriptor.o
 .data          0x00000000        0x0 ../LUFA_100219/LUFA/Drivers/USB/HighLevel/ConfigDescriptor.o
 .bss           0x00000000        0x0 ../LUFA_100219/LUFA/Drivers/USB/HighLevel/ConfigDescriptor.o
 .text.USB_GetNextDescriptorOfType
                0x00000000        0x0 ../LUFA_100219/LUFA/Drivers/USB/HighLevel/ConfigDescriptor.o
 .text.USB_GetNextDescriptorOfTypeBefore
                0x00000000        0x0 ../LUFA_100219/LUFA/Drivers/USB/HighLevel/ConfigDescriptor.o
 .text.USB_GetNextDescriptorOfTypeAfter
                0x00000000        0x0 ../LUFA_100219/LUFA/Drivers/USB/HighLevel/ConfigDescriptor.o
 .text.USB_GetNextDescriptorComp
                0x00000000        0x0 ../LUFA_100219/LUFA/Drivers/USB/HighLevel/ConfigDescriptor.o
 .text          0x00000000        0x0 ../LUFA_100219/LUFA/Drivers/USB/Class/Device/CDC.o
 .data          0x00000000        0x0 ../LUFA_100219/LUFA/Drivers/USB/Class/Device/CDC.o
 .bss           0x00000000        0x0 ../LUFA_100219/LUFA/Drivers/USB/Class/Device/CDC.o
 .text.CDC_Device_CreateStream
                0x00000000        0x0 ../LUFA_100219/LUFA/Drivers/USB/Class/Device/CDC.o
 .text.CDC_Device_CreateBlockingStream
                0x00000000        0x0 ../LUFA_100219/LUFA/Drivers/USB/Class/Device/CDC.o
 .text.CDC_Device_getchar
                0x00000000        0x0 ../LUFA_100219/LUFA/Drivers/USB/Class/Device/CDC.o
 .text.CDC_Device_SendControlLineStateChange
                0x00000000        0x0 ../LUFA_100219/LUFA/Drivers/USB/Class/Device/CDC.o
 .text.CDC_Device_getchar_Blocking
                0x00000000        0x0 ../LUFA_100219/LUFA/Drivers/USB/Class/Device/CDC.o
 .text.CDC_Device_putchar
                0x00000000        0x0 ../LUFA_100219/LUFA/Drivers/USB/Class/Device/CDC.o
 .text          0x00000000        0x0 ../LUFA_100219/LUFA/Drivers/USB/Class/Host/CDC.o
 .data          0x00000000        0x0 ../LUFA_100219/LUFA/Drivers/USB/Class/Host/CDC.o
 .bss           0x00000000        0x0 ../LUFA_100219/LUFA/Drivers/USB/Class/Host/CDC.o
 .text          0x00000000        0x0 c:/winavr-20100110/bin/../lib/gcc/avr/4.3.3/avr5\libgcc.a(_exit.o)
 .data          0x00000000        0x0 c:/winavr-20100110/bin/../lib/gcc/avr/4.3.3/avr5\libgcc.a(_exit.o)
 .bss           0x00000000        0x0 c:/winavr-20100110/bin/../lib/gcc/avr/4.3.3/avr5\libgcc.a(_exit.o)
 .text.libgcc   0x00000000        0x0 c:/winavr-20100110/bin/../lib/gcc/avr/4.3.3/avr5\libgcc.a(_exit.o)
 .text          0x00000000        0x0 c:/winavr-20100110/bin/../lib/gcc/avr/4.3.3/avr5\libgcc.a(_copy_data.o)
 .data          0x00000000        0x0 c:/winavr-20100110/bin/../lib/gcc/avr/4.3.3/avr5\libgcc.a(_copy_data.o)
 .bss           0x00000000        0x0 c:/winavr-20100110/bin/../lib/gcc/avr/4.3.3/avr5\libgcc.a(_copy_data.o)
 .text.libgcc   0x00000000        0x0 c:/winavr-20100110/bin/../lib/gcc/avr/4.3.3/avr5\libgcc.a(_copy_data.o)
 .text          0x00000000        0x0 c:/winavr-20100110/bin/../lib/gcc/avr/4.3.3/avr5\libgcc.a(_clear_bss.o)
 .data          0x00000000        0x0 c:/winavr-20100110/bin/../lib/gcc/avr/4.3.3/avr5\libgcc.a(_clear_bss.o)
 .bss           0x00000000        0x0 c:/winavr-20100110/bin/../lib/gcc/avr/4.3.3/avr5\libgcc.a(_clear_bss.o)
 .text.libgcc   0x00000000        0x0 c:/winavr-20100110/bin/../lib/gcc/avr/4.3.3/avr5\libgcc.a(_clear_bss.o)
 .text          0x00000000        0x0 c:/winavr-20100110/bin/../lib/gcc/avr/4.3.3/../../../../avr/lib/avr5\libc.a(eerd_byte_atmega32u4.o)
 .data          0x00000000        0x0 c:/winavr-20100110/bin/../lib/gcc/avr/4.3.3/../../../../avr/lib/avr5\libc.a(eerd_byte_atmega32u4.o)
 .bss           0x00000000        0x0 c:/winavr-20100110/bin/../lib/gcc/avr/4.3.3/../../../../avr/lib/avr5\libc.a(eerd_byte_atmega32u4.o)
 .text.avr-libc
                0x00000000        0x0 c:/winavr-20100110/bin/../lib/gcc/avr/4.3.3/../../../../avr/lib/avr5\libc.a(eerd_byte_atmega32u4.o)
 .text          0x00000000        0x0 c:/winavr-20100110/bin/../lib/gcc/avr/4.3.3/../../../../avr/lib/avr5\libc.a(eewr_byte_atmega32u4.o)
 .data          0x00000000        0x0 c:/winavr-20100110/bin/../lib/gcc/avr/4.3.3/../../../../avr/lib/avr5\libc.a(eewr_byte_atmega32u4.o)
 .bss           0x00000000        0x0 c:/winavr-20100110/bin/../lib/gcc/avr/4.3.3/../../../../avr/lib/avr5\libc.a(eewr_byte_atmega32u4.o)
 .text.avr-libc
                0x00000000        0x0 c:/winavr-20100110/bin/../lib/gcc/avr/4.3.3/../../../../avr/lib/avr5\libc.a(eewr_byte_atmega32u4.o)

Memory Configuration

Name             Origin             Length             Attributes
text             0x00000000         0x00020000         xr
data             0x00800060         0x0000ffa0         rw !x
eeprom           0x00810000         0x00010000         rw !x
fuse             0x00820000         0x00000400         rw !x
lock             0x00830000         0x00000400         rw !x
signature        0x00840000         0x00000400         rw !x
*default*        0x00000000         0xffffffff

Linker script and memory map

Address of section .data set to 0x800100
LOAD c:/winavr-20100110/bin/../lib/gcc/avr/4.3.3/../../../../avr/lib/avr5/crtm32u4.o
LOAD DualVirtualSerial.o
LOAD Descriptors.o
LOAD ../LUFA_100219/LUFA/Drivers/USB/LowLevel/DevChapter9.o
LOAD ../LUFA_100219/LUFA/Drivers/USB/LowLevel/Endpoint.o
LOAD ../LUFA_100219/LUFA/Drivers/USB/LowLevel/Host.o
LOAD ../LUFA_100219/LUFA/Drivers/USB/LowLevel/HostChapter9.o
LOAD ../LUFA_100219/LUFA/Drivers/USB/LowLevel/LowLevel.o
LOAD ../LUFA_100219/LUFA/Drivers/USB/LowLevel/Pipe.o
LOAD ../LUFA_100219/LUFA/Drivers/USB/HighLevel/Events.o
LOAD ../LUFA_100219/LUFA/Drivers/USB/HighLevel/USBInterrupt.o
LOAD ../LUFA_100219/LUFA/Drivers/USB/HighLevel/USBTask.o
LOAD ../LUFA_100219/LUFA/Drivers/USB/HighLevel/ConfigDescriptor.o
LOAD ../LUFA_100219/LUFA/Drivers/USB/Class/Device/CDC.o
LOAD ../LUFA_100219/LUFA/Drivers/USB/Class/Host/CDC.o
LOAD c:/winavr-20100110/bin/../lib/gcc/avr/4.3.3/../../../../avr/lib/avr5\libm.a
LOAD c:/winavr-20100110/bin/../lib/gcc/avr/4.3.3/avr5\libgcc.a
LOAD c:/winavr-20100110/bin/../lib/gcc/avr/4.3.3/../../../../avr/lib/avr5\libc.a
LOAD c:/winavr-20100110/bin/../lib/gcc/avr/4.3.3/avr5\libgcc.a

.hash
 *(.hash)

.dynsym
 *(.dynsym)

.dynstr
 *(.dynstr)

.gnu.version
 *(.gnu.version)

.gnu.version_d
 *(.gnu.version_d)

.gnu.version_r
 *(.gnu.version_r)

.rel.init
 *(.rel.init)

.rela.init
 *(.rela.init)

.rel.text
 *(.rel.text)
 *(.rel.text.*)
 *(.rel.gnu.linkonce.t*)

.rela.text
 *(.rela.text)
 *(.rela.text.*)
 *(.rela.gnu.linkonce.t*)

.rel.fini
 *(.rel.fini)

.rela.fini
 *(.rela.fini)

.rel.rodata
 *(.rel.rodata)
 *(.rel.rodata.*)
 *(.rel.gnu.linkonce.r*)

.rela.rodata
 *(.rela.rodata)
 *(.rela.rodata.*)
 *(.rela.gnu.linkonce.r*)

.rel.data
 *(.rel.data)
 *(.rel.data.*)
 *(.rel.gnu.linkonce.d*)

.rela.data
 *(.rela.data)
 *(.rela.data.*)
 *(.rela.gnu.linkonce.d*)

.rel.ctors
 *(.rel.ctors)

.rela.ctors
 *(.rela.ctors)

.rel.dtors
 *(.rel.dtors)

.rela.dtors
 *(.rela.dtors)

.rel.got
 *(.rel.got)

.rela.got
 *(.rela.got)

.rel.bss
 *(.rel.bss)

.rela.bss
 *(.rela.bss)

.rel.plt
 *(.rel.plt)

.rela.plt
 *(.rela.plt)

.text           0x00000000      0xf52
 *(.vectors)
 .vectors       0x00000000       0xac c:/winavr-20100110/bin/../lib/gcc/avr/4.3.3/../../../../avr/lib/avr5/crtm32u4.o
                0x00000000                __vectors
                0x00000000                __vector_default
 *(.vectors)
 *(.progmem.gcc*)
 *(.progmem*)
 .progmem.data  0x000000ac       0xe5 Descriptors.o
                0x0000014f                ManufacturerString
                0x0000014b                LanguageString
                0x000000ac                DeviceDescriptor
                0x00000169                ProductString
                0x000000be                ConfigurationDescriptor
                0x00000192                . = ALIGN (0x2)
 *fill*         0x00000191        0x1 00
                0x00000192                __trampolines_start = .
 *(.trampolines)
 .trampolines   0x00000192        0x0 linker stubs
 *(.trampolines*)
                0x00000192                __trampolines_end = .
 *(.jumptables)
 *(.jumptables*)
 *(.lowtext)
 *(.lowtext*)
                0x00000192                __ctors_start = .
 *(.ctors)
                0x00000192                __ctors_end = .
                0x00000192                __dtors_start = .
 *(.dtors)
                0x00000192                __dtors_end = .
 SORT(*)(.ctors)
 SORT(*)(.dtors)
 *(.init0)
 .init0         0x00000192        0x0 c:/winavr-20100110/bin/../lib/gcc/avr/4.3.3/../../../../avr/lib/avr5/crtm32u4.o
                0x00000192                __init
 *(.init0)
 *(.init1)
 *(.init1)
 *(.init2)
 .init2         0x00000192        0xc c:/winavr-20100110/bin/../lib/gcc/avr/4.3.3/../../../../avr/lib/avr5/crtm32u4.o
 *(.init2)
 *(.init3)
 *(.init3)
 *(.init4)
 .init4         0x0000019e       0x16 c:/winavr-20100110/bin/../lib/gcc/avr/4.3.3/avr5\libgcc.a(_copy_data.o)
                0x0000019e                __do_copy_data
 .init4         0x000001b4       0x10 c:/winavr-20100110/bin/../lib/gcc/avr/4.3.3/avr5\libgcc.a(_clear_bss.o)
                0x000001b4                __do_clear_bss
 *(.init4)
 *(.init5)
 *(.init5)
 *(.init6)
 *(.init6)
 *(.init7)
 *(.init7)
 *(.init8)
 *(.init8)
 *(.init9)
 .init9         0x000001c4        0x4 c:/winavr-20100110/bin/../lib/gcc/avr/4.3.3/../../../../avr/lib/avr5/crtm32u4.o
 *(.init9)
 *(.text)
 .text          0x000001c8        0x2 c:/winavr-20100110/bin/../lib/gcc/avr/4.3.3/../../../../avr/lib/avr5/crtm32u4.o
                0x000001c8                __vector_38
                0x000001c8                __vector_22
                0x000001c8                __vector_28
                0x000001c8                __vector_1
                0x000001c8                __vector_32
                0x000001c8                __vector_34
                0x000001c8                __vector_24
                0x000001c8                __vector_12
                0x000001c8                __bad_interrupt
                0x000001c8                __vector_6
                0x000001c8                __vector_31
                0x000001c8                __vector_35
                0x000001c8                __vector_39
                0x000001c8                __vector_3
                0x000001c8                __vector_23
                0x000001c8                __vector_30
                0x000001c8                __vector_25
                0x000001c8                __vector_11
                0x000001c8                __vector_13
                0x000001c8                __vector_17
                0x000001c8                __vector_19
                0x000001c8                __vector_7
                0x000001c8                __vector_41
                0x000001c8                __vector_27
                0x000001c8                __vector_5
                0x000001c8                __vector_33
                0x000001c8                __vector_37
                0x000001c8                __vector_4
                0x000001c8                __vector_9
                0x000001c8                __vector_2
                0x000001c8                __vector_21
                0x000001c8                __vector_15
                0x000001c8                __vector_36
                0x000001c8                __vector_29
                0x000001c8                __vector_40
                0x000001c8                __vector_8
                0x000001c8                __vector_26
                0x000001c8                __vector_14
                0x000001c8                __vector_16
                0x000001c8                __vector_18
                0x000001c8                __vector_20
                0x000001c8                __vector_42
                0x000001ca                . = ALIGN (0x2)
 *(.text.*)
 .text.EVENT_USB_Device_Connect
                0x000001ca        0xa DualVirtualSerial.o
                0x000001ca                EVENT_USB_Device_Connect
 .text.EVENT_USB_Device_Disconnect
                0x000001d4        0xa DualVirtualSerial.o
                0x000001d4                EVENT_USB_Device_Disconnect
 .text.EVENT_USB_Device_UnhandledControlRequest
                0x000001de        0xc DualVirtualSerial.o
                0x000001de                EVENT_USB_Device_UnhandledControlRequest
 .text.EVENT_USB_Device_ConfigurationChanged
                0x000001ea       0x2e DualVirtualSerial.o
                0x000001ea                EVENT_USB_Device_ConfigurationChanged
 .text.CheckJoystickMovement
                0x00000218       0x72 DualVirtualSerial.o
                0x00000218                CheckJoystickMovement
 .text.SetupHardware
                0x0000028a       0x50 DualVirtualSerial.o
                0x0000028a                SetupHardware
 .text.main     0x000002da       0x48 DualVirtualSerial.o
                0x000002da                main
 .text.CALLBACK_USB_GetDescriptor
                0x00000322       0x5c Descriptors.o
                0x00000322                CALLBACK_USB_GetDescriptor
 .text.USB_Device_ProcessControlRequest
                0x0000037e      0x246 ../LUFA_100219/LUFA/Drivers/USB/LowLevel/DevChapter9.o
                0x0000037e                USB_Device_ProcessControlRequest
 .text.Endpoint_BytesToEPSizeMaskDynamic
                0x000005c4       0x1c ../LUFA_100219/LUFA/Drivers/USB/LowLevel/Endpoint.o
                0x000005c4                Endpoint_BytesToEPSizeMaskDynamic
 .text.Endpoint_ConfigureEndpoint_Prv
                0x000005e0       0x26 ../LUFA_100219/LUFA/Drivers/USB/LowLevel/Endpoint.o
                0x000005e0                Endpoint_ConfigureEndpoint_Prv
 .text.Endpoint_ClearEndpoints
                0x00000606       0x2e ../LUFA_100219/LUFA/Drivers/USB/LowLevel/Endpoint.o
                0x00000606                Endpoint_ClearEndpoints
 .text.Endpoint_ClearStatusStage
                0x00000634       0x52 ../LUFA_100219/LUFA/Drivers/USB/LowLevel/Endpoint.o
                0x00000634                Endpoint_ClearStatusStage
 .text.Endpoint_WaitUntilReady
                0x00000686       0x56 ../LUFA_100219/LUFA/Drivers/USB/LowLevel/Endpoint.o
                0x00000686                Endpoint_WaitUntilReady
 .text.Endpoint_Write_Stream_LE
                0x000006dc       0x7e ../LUFA_100219/LUFA/Drivers/USB/LowLevel/Endpoint.o
                0x000006dc                Endpoint_Write_Stream_LE
 .text.Endpoint_Write_Control_Stream_LE
                0x0000075a       0xcc ../LUFA_100219/LUFA/Drivers/USB/LowLevel/Endpoint.o
                0x0000075a                Endpoint_Write_Control_Stream_LE
 .text.Endpoint_Write_Control_PStream_LE
                0x00000826       0xd2 ../LUFA_100219/LUFA/Drivers/USB/LowLevel/Endpoint.o
                0x00000826                Endpoint_Write_Control_PStream_LE
 .text.Endpoint_Read_Control_Stream_LE
                0x000008f8       0x90 ../LUFA_100219/LUFA/Drivers/USB/LowLevel/Endpoint.o
                0x000008f8                Endpoint_Read_Control_Stream_LE
 .text.USB_ResetInterface
                0x00000988       0x94 ../LUFA_100219/LUFA/Drivers/USB/LowLevel/LowLevel.o
                0x00000988                USB_ResetInterface
 .text.USB_Init
                0x00000a1c       0x16 ../LUFA_100219/LUFA/Drivers/USB/LowLevel/LowLevel.o
                0x00000a1c                USB_Init
 .text.USB_Event_Stub
                0x00000a32        0x2 ../LUFA_100219/LUFA/Drivers/USB/HighLevel/Events.o
                0x00000a32                EVENT_USB_Device_WakeUp
                0x00000a32                USB_Event_Stub
                0x00000a32                EVENT_USB_Device_Suspend
                0x00000a32                EVENT_USB_Device_StartOfFrame
                0x00000a32                EVENT_USB_Device_Reset
 .text.USB_INT_DisableAllInterrupts
                0x00000a34       0x10 ../LUFA_100219/LUFA/Drivers/USB/HighLevel/USBInterrupt.o
                0x00000a34                USB_INT_DisableAllInterrupts
 .text.USB_INT_ClearAllInterrupts
                0x00000a44        0xa ../LUFA_100219/LUFA/Drivers/USB/HighLevel/USBInterrupt.o
                0x00000a44                USB_INT_ClearAllInterrupts
 .text.__vector_10
                0x00000a4e      0x17c ../LUFA_100219/LUFA/Drivers/USB/HighLevel/USBInterrupt.o
                0x00000a4e                __vector_10
 .text.USB_USBTask
                0x00000bca       0x26 ../LUFA_100219/LUFA/Drivers/USB/HighLevel/USBTask.o
                0x00000bca                USB_USBTask
 .text.CDC_Device_Event_Stub
                0x00000bf0        0x2 ../LUFA_100219/LUFA/Drivers/USB/Class/Device/CDC.o
                0x00000bf0                EVENT_CDC_Device_LineEncodingChanged
                0x00000bf0                EVENT_CDC_Device_ControLineStateChanged
                0x00000bf0                CDC_Device_Event_Stub
 .text.CDC_Device_BytesReceived
                0x00000bf2       0x6e ../LUFA_100219/LUFA/Drivers/USB/Class/Device/CDC.o
                0x00000bf2                CDC_Device_BytesReceived
 .text.CDC_Device_ReceiveByte
                0x00000c60       0x54 ../LUFA_100219/LUFA/Drivers/USB/Class/Device/CDC.o
                0x00000c60                CDC_Device_ReceiveByte
 .text.CDC_Device_SendString
                0x00000cb4       0x2e ../LUFA_100219/LUFA/Drivers/USB/Class/Device/CDC.o
                0x00000cb4                CDC_Device_SendString
 .text.CDC_Device_Flush
                0x00000ce2       0x76 ../LUFA_100219/LUFA/Drivers/USB/Class/Device/CDC.o
                0x00000ce2                CDC_Device_Flush
 .text.CDC_Device_USBTask
                0x00000d58       0x56 ../LUFA_100219/LUFA/Drivers/USB/Class/Device/CDC.o
                0x00000d58                CDC_Device_USBTask
 .text.CDC_Device_SendByte
                0x00000dae       0x52 ../LUFA_100219/LUFA/Drivers/USB/Class/Device/CDC.o
                0x00000dae                CDC_Device_SendByte
 .text.CDC_Device_ConfigureEndpoints
                0x00000e00       0x8e ../LUFA_100219/LUFA/Drivers/USB/Class/Device/CDC.o
                0x00000e00                CDC_Device_ConfigureEndpoints
 .text.CDC_Device_ProcessControlRequest
                0x00000e8e       0xc0 ../LUFA_100219/LUFA/Drivers/USB/Class/Device/CDC.o
                0x00000e8e                CDC_Device_ProcessControlRequest
                0x00000f4e                . = ALIGN (0x2)
 *(.fini9)
 .fini9         0x00000f4e        0x0 c:/winavr-20100110/bin/../lib/gcc/avr/4.3.3/avr5\libgcc.a(_exit.o)
                0x00000f4e                exit
                0x00000f4e                _exit
 *(.fini9)
 *(.fini8)
 *(.fini8)
 *(.fini7)
 *(.fini7)
 *(.fini6)
 *(.fini6)
 *(.fini5)
 *(.fini5)
 *(.fini4)
 *(.fini4)
 *(.fini3)
 *(.fini3)
 *(.fini2)
 *(.fini2)
 *(.fini1)
 *(.fini1)
 *(.fini0)
 .fini0         0x00000f4e        0x4 c:/winavr-20100110/bin/../lib/gcc/avr/4.3.3/avr5\libgcc.a(_exit.o)
 *(.fini0)
                0x00000f52                _etext = .

.data           0x00800100       0x7e load address 0x00000f52
                0x00800100                PROVIDE (__data_start, .)
 *(.data)
 .data          0x00800100       0x7e DualVirtualSerial.o
                0x00800152                VirtualSerial1_CDC_Interface
                0x00800168                VirtualSerial2_CDC_Interface
 *(.data*)
 *(.rodata)
 *(.rodata*)
 *(.gnu.linkonce.d*)
                0x0080017e                . = ALIGN (0x2)
                0x0080017e                _edata = .
                0x0080017e                PROVIDE (__data_end, .)

.bss            0x0080017e        0xe
                0x0080017e                PROVIDE (__bss_start, .)
 *(.bss)
 .bss           0x0080017e        0x1 DualVirtualSerial.o
 *(.bss*)
 *(COMMON)
 COMMON         0x0080017f        0x3 ../LUFA_100219/LUFA/Drivers/USB/LowLevel/DevChapter9.o
                0x0080017f                USB_CurrentlySelfPowered
                0x00800180                USB_RemoteWakeupEnabled
                0x00800181                USB_ConfigurationNumber
 COMMON         0x00800182        0xa ../LUFA_100219/LUFA/Drivers/USB/HighLevel/USBTask.o
                0x00800182                USB_IsInitialized
                0x00800183                USB_DeviceState
                0x00800184                USB_ControlRequest
                0x0080018c                PROVIDE (__bss_end, .)
                0x00000f52                __data_load_start = LOADADDR (.data)
                0x00000fd0                __data_load_end = (__data_load_start + SIZEOF (.data))

.noinit         0x0080018c        0x0
                0x0080018c                PROVIDE (__noinit_start, .)
 *(.noinit*)
                0x0080018c                PROVIDE (__noinit_end, .)
                0x0080018c                _end = .
                0x0080018c                PROVIDE (__heap_start, .)

.eeprom         0x00810000        0x0
 *(.eeprom*)
                0x00810000                __eeprom_end = .

.fuse
 *(.fuse)
 *(.lfuse)
 *(.hfuse)
 *(.efuse)

.lock
 *(.lock*)

.signature
 *(.signature*)

.stab
 *(.stab)

.stabstr
 *(.stabstr)

.stab.excl
 *(.stab.excl)

.stab.exclstr
 *(.stab.exclstr)

.stab.index
 *(.stab.index)

.stab.indexstr
 *(.stab.indexstr)

.comment
 *(.comment)

.debug
 *(.debug)

.line
 *(.line)

.debug_srcinfo
 *(.debug_srcinfo)

.debug_sfnames
 *(.debug_sfnames)

.debug_aranges  0x00000000      0x2e0
 *(.debug_aranges)
 .debug_aranges
                0x00000000       0x50 DualVirtualSerial.o
 .debug_aranges
                0x00000050       0x20 Descriptors.o
 .debug_aranges
                0x00000070       0x20 ../LUFA_100219/LUFA/Drivers/USB/LowLevel/DevChapter9.o
 .debug_aranges
                0x00000090       0xe8 ../LUFA_100219/LUFA/Drivers/USB/LowLevel/Endpoint.o
 .debug_aranges
                0x00000178       0x30 ../LUFA_100219/LUFA/Drivers/USB/LowLevel/LowLevel.o
 .debug_aranges
                0x000001a8       0x20 ../LUFA_100219/LUFA/Drivers/USB/HighLevel/Events.o
 .debug_aranges
                0x000001c8       0x30 ../LUFA_100219/LUFA/Drivers/USB/HighLevel/USBInterrupt.o
 .debug_aranges
                0x000001f8       0x20 ../LUFA_100219/LUFA/Drivers/USB/HighLevel/USBTask.o
 .debug_aranges
                0x00000218       0x38 ../LUFA_100219/LUFA/Drivers/USB/HighLevel/ConfigDescriptor.o
 .debug_aranges
                0x00000250       0x90 ../LUFA_100219/LUFA/Drivers/USB/Class/Device/CDC.o

.debug_pubnames
                0x00000000      0x8eb
 *(.debug_pubnames)
 .debug_pubnames
                0x00000000      0x11d DualVirtualSerial.o
 .debug_pubnames
                0x0000011d       0x9e Descriptors.o
 .debug_pubnames
                0x000001bb       0x8c ../LUFA_100219/LUFA/Drivers/USB/LowLevel/DevChapter9.o
 .debug_pubnames
                0x00000247      0x365 ../LUFA_100219/LUFA/Drivers/USB/LowLevel/Endpoint.o
 .debug_pubnames
                0x000005ac       0x47 ../LUFA_100219/LUFA/Drivers/USB/LowLevel/LowLevel.o
 .debug_pubnames
                0x000005f3       0x25 ../LUFA_100219/LUFA/Drivers/USB/HighLevel/Events.o
 .debug_pubnames
                0x00000618       0x62 ../LUFA_100219/LUFA/Drivers/USB/HighLevel/USBInterrupt.o
 .debug_pubnames
                0x0000067a       0x63 ../LUFA_100219/LUFA/Drivers/USB/HighLevel/USBTask.o
 .debug_pubnames
                0x000006dd       0x9b ../LUFA_100219/LUFA/Drivers/USB/HighLevel/ConfigDescriptor.o
 .debug_pubnames
                0x00000778      0x173 ../LUFA_100219/LUFA/Drivers/USB/Class/Device/CDC.o

.debug_info     0x00000000     0x32f3
 *(.debug_info)
 .debug_info    0x00000000      0x438 DualVirtualSerial.o
 .debug_info    0x00000438      0x87d Descriptors.o
 .debug_info    0x00000cb5      0x45b ../LUFA_100219/LUFA/Drivers/USB/LowLevel/DevChapter9.o
 .debug_info    0x00001110     0x11a1 ../LUFA_100219/LUFA/Drivers/USB/LowLevel/Endpoint.o
 .debug_info    0x000022b1        0x0 ../LUFA_100219/LUFA/Drivers/USB/LowLevel/Host.o
 .debug_info    0x000022b1        0x0 ../LUFA_100219/LUFA/Drivers/USB/LowLevel/HostChapter9.o
 .debug_info    0x000022b1      0x155 ../LUFA_100219/LUFA/Drivers/USB/LowLevel/LowLevel.o
 .debug_info    0x00002406        0x0 ../LUFA_100219/LUFA/Drivers/USB/LowLevel/Pipe.o
 .debug_info    0x00002406       0x76 ../LUFA_100219/LUFA/Drivers/USB/HighLevel/Events.o
 .debug_info    0x0000247c      0x146 ../LUFA_100219/LUFA/Drivers/USB/HighLevel/USBInterrupt.o
 .debug_info    0x000025c2      0x1a3 ../LUFA_100219/LUFA/Drivers/USB/HighLevel/USBTask.o
 .debug_info    0x00002765      0x33c ../LUFA_100219/LUFA/Drivers/USB/HighLevel/ConfigDescriptor.o
 .debug_info    0x00002aa1      0x852 ../LUFA_100219/LUFA/Drivers/USB/Class/Device/CDC.o
 .debug_info    0x000032f3        0x0 ../LUFA_100219/LUFA/Drivers/USB/Class/Host/CDC.o
 *(.gnu.linkonce.wi.*)

.debug_abbrev   0x00000000      0xcba
 *(.debug_abbrev)
 .debug_abbrev  0x00000000      0x191 DualVirtualSerial.o
 .debug_abbrev  0x00000191      0x158 Descriptors.o
 .debug_abbrev  0x000002e9      0x1ab ../LUFA_100219/LUFA/Drivers/USB/LowLevel/DevChapter9.o
 .debug_abbrev  0x00000494      0x1d9 ../LUFA_100219/LUFA/Drivers/USB/LowLevel/Endpoint.o
 .debug_abbrev  0x0000066d        0x1 ../LUFA_100219/LUFA/Drivers/USB/LowLevel/Host.o
 .debug_abbrev  0x0000066e        0x1 ../LUFA_100219/LUFA/Drivers/USB/LowLevel/HostChapter9.o
 .debug_abbrev  0x0000066f       0xbd ../LUFA_100219/LUFA/Drivers/USB/LowLevel/LowLevel.o
 .debug_abbrev  0x0000072c        0x1 ../LUFA_100219/LUFA/Drivers/USB/LowLevel/Pipe.o
 .debug_abbrev  0x0000072d       0x41 ../LUFA_100219/LUFA/Drivers/USB/HighLevel/Events.o
 .debug_abbrev  0x0000076e       0xbb ../LUFA_100219/LUFA/Drivers/USB/HighLevel/USBInterrupt.o
 .debug_abbrev  0x00000829       0xe7 ../LUFA_100219/LUFA/Drivers/USB/HighLevel/USBTask.o
 .debug_abbrev  0x00000910      0x15c ../LUFA_100219/LUFA/Drivers/USB/HighLevel/ConfigDescriptor.o
 .debug_abbrev  0x00000a6c      0x24d ../LUFA_100219/LUFA/Drivers/USB/Class/Device/CDC.o
 .debug_abbrev  0x00000cb9        0x1 ../LUFA_100219/LUFA/Drivers/USB/Class/Host/CDC.o

.debug_line     0x00000000     0x2a62
 *(.debug_line)
 .debug_line    0x00000000      0x34c DualVirtualSerial.o
 .debug_line    0x0000034c      0x17d Descriptors.o
 .debug_line    0x000004c9      0x3d8 ../LUFA_100219/LUFA/Drivers/USB/LowLevel/DevChapter9.o
 .debug_line    0x000008a1     0x1079 ../LUFA_100219/LUFA/Drivers/USB/LowLevel/Endpoint.o
 .debug_line    0x0000191a       0x24 ../LUFA_100219/LUFA/Drivers/USB/LowLevel/Host.o
 .debug_line    0x0000193e       0x24 ../LUFA_100219/LUFA/Drivers/USB/LowLevel/HostChapter9.o
 .debug_line    0x00001962      0x2c5 ../LUFA_100219/LUFA/Drivers/USB/LowLevel/LowLevel.o
 .debug_line    0x00001c27       0x24 ../LUFA_100219/LUFA/Drivers/USB/LowLevel/Pipe.o
 .debug_line    0x00001c4b       0x8e ../LUFA_100219/LUFA/Drivers/USB/HighLevel/Events.o
 .debug_line    0x00001cd9      0x337 ../LUFA_100219/LUFA/Drivers/USB/HighLevel/USBInterrupt.o
 .debug_line    0x00002010      0x1c0 ../LUFA_100219/LUFA/Drivers/USB/HighLevel/USBTask.o
 .debug_line    0x000021d0      0x27c ../LUFA_100219/LUFA/Drivers/USB/HighLevel/ConfigDescriptor.o
 .debug_line    0x0000244c      0x5f2 ../LUFA_100219/LUFA/Drivers/USB/Class/Device/CDC.o
 .debug_line    0x00002a3e       0x24 ../LUFA_100219/LUFA/Drivers/USB/Class/Host/CDC.o

.debug_frame    0x00000000      0x480
 *(.debug_frame)
 .debug_frame   0x00000000       0x80 DualVirtualSerial.o
 .debug_frame   0x00000080       0x20 Descriptors.o
 .debug_frame   0x000000a0       0x20 ../LUFA_100219/LUFA/Drivers/USB/LowLevel/DevChapter9.o
 .debug_frame   0x000000c0      0x1b0 ../LUFA_100219/LUFA/Drivers/USB/LowLevel/Endpoint.o
 .debug_frame   0x00000270       0x40 ../LUFA_100219/LUFA/Drivers/USB/LowLevel/LowLevel.o
 .debug_frame   0x000002b0       0x20 ../LUFA_100219/LUFA/Drivers/USB/HighLevel/Events.o
 .debug_frame   0x000002d0       0x40 ../LUFA_100219/LUFA/Drivers/USB/HighLevel/USBInterrupt.o
 .debug_frame   0x00000310       0x20 ../LUFA_100219/LUFA/Drivers/USB/HighLevel/USBTask.o
 .debug_frame   0x00000330       0x50 ../LUFA_100219/LUFA/Drivers/USB/HighLevel/ConfigDescriptor.o
 .debug_frame   0x00000380      0x100 ../LUFA_100219/LUFA/Drivers/USB/Class/Device/CDC.o

.debug_str      0x00000000     0x1921
 *(.debug_str)
 .debug_str     0x00000000      0x3ff DualVirtualSerial.o
                                0x43e (size before relaxing)
 .debug_str     0x000003ff      0x5d0 Descriptors.o
                                0x71a (size before relaxing)
 .debug_str     0x000009cf      0x3b0 ../LUFA_100219/LUFA/Drivers/USB/LowLevel/DevChapter9.o
                                0x4b0 (size before relaxing)
 .debug_str     0x00000d7f      0x610 ../LUFA_100219/LUFA/Drivers/USB/LowLevel/Endpoint.o
                                0x84b (size before relaxing)
 .debug_str     0x0000138f       0x6f ../LUFA_100219/LUFA/Drivers/USB/LowLevel/LowLevel.o
                                0x23e (size before relaxing)
 .debug_str     0x000013fe       0x42 ../LUFA_100219/LUFA/Drivers/USB/HighLevel/Events.o
                                0x109 (size before relaxing)
 .debug_str     0x00001440       0x7d ../LUFA_100219/LUFA/Drivers/USB/HighLevel/USBInterrupt.o
                                0x24d (size before relaxing)
 .debug_str     0x000014bd       0x5c ../LUFA_100219/LUFA/Drivers/USB/HighLevel/USBTask.o
                                0x24d (size before relaxing)
 .debug_str     0x00001519      0x214 ../LUFA_100219/LUFA/Drivers/USB/HighLevel/ConfigDescriptor.o
                                0x309 (size before relaxing)
 .debug_str     0x0000172d      0x1f4 ../LUFA_100219/LUFA/Drivers/USB/Class/Device/CDC.o
                                0x73f (size before relaxing)

.debug_loc      0x00000000     0x23cd
 *(.debug_loc)
 .debug_loc     0x00000000       0x68 DualVirtualSerial.o
 .debug_loc     0x00000068      0x160 Descriptors.o
 .debug_loc     0x000001c8      0x1ec ../LUFA_100219/LUFA/Drivers/USB/LowLevel/DevChapter9.o
 .debug_loc     0x000003b4     0x19e1 ../LUFA_100219/LUFA/Drivers/USB/LowLevel/Endpoint.o
 .debug_loc     0x00001d95       0x13 ../LUFA_100219/LUFA/Drivers/USB/LowLevel/LowLevel.o
 .debug_loc     0x00001da8      0x22f ../LUFA_100219/LUFA/Drivers/USB/HighLevel/ConfigDescriptor.o
 .debug_loc     0x00001fd7      0x3f6 ../LUFA_100219/LUFA/Drivers/USB/Class/Device/CDC.o

.debug_macinfo
 *(.debug_macinfo)
OUTPUT(DualVirtualSerial.elf elf32-avr)
LOAD linker stubs

.debug_ranges   0x00000000      0x2a8
 .debug_ranges  0x00000000       0x48 DualVirtualSerial.o
 .debug_ranges  0x00000048       0x18 Descriptors.o
 .debug_ranges  0x00000060       0x30 ../LUFA_100219/LUFA/Drivers/USB/LowLevel/DevChapter9.o
 .debug_ranges  0x00000090       0xe0 ../LUFA_100219/LUFA/Drivers/USB/LowLevel/Endpoint.o
 .debug_ranges  0x00000170       0x28 ../LUFA_100219/LUFA/Drivers/USB/LowLevel/LowLevel.o
 .debug_ranges  0x00000198       0x18 ../LUFA_100219/LUFA/Drivers/USB/HighLevel/Events.o
 .debug_ranges  0x000001b0       0x28 ../LUFA_100219/LUFA/Drivers/USB/HighLevel/USBInterrupt.o
 .debug_ranges  0x000001d8       0x18 ../LUFA_100219/LUFA/Drivers/USB/HighLevel/USBTask.o
 .debug_ranges  0x000001f0       0x30 ../LUFA_100219/LUFA/Drivers/USB/HighLevel/ConfigDescriptor.o
 .debug_ranges  0x00000220       0x88 ../LUFA_100219/LUFA/Drivers/USB/Class/Device/CDC.o

Cross Reference Table

Symbol                                            File
CALLBACK_USB_GetDescriptor                        Descriptors.o
                                                  ../LUFA_100219/LUFA/Drivers/USB/LowLevel/DevChapter9.o
CDC_Device_BytesReceived                          ../LUFA_100219/LUFA/Drivers/USB/Class/Device/CDC.o
                                                  DualVirtualSerial.o
CDC_Device_ConfigureEndpoints                     ../LUFA_100219/LUFA/Drivers/USB/Class/Device/CDC.o
                                                  DualVirtualSerial.o
CDC_Device_CreateBlockingStream                   ../LUFA_100219/LUFA/Drivers/USB/Class/Device/CDC.o
CDC_Device_CreateStream                           ../LUFA_100219/LUFA/Drivers/USB/Class/Device/CDC.o
CDC_Device_Event_Stub                             ../LUFA_100219/LUFA/Drivers/USB/Class/Device/CDC.o
CDC_Device_Flush                                  ../LUFA_100219/LUFA/Drivers/USB/Class/Device/CDC.o
CDC_Device_ProcessControlRequest                  ../LUFA_100219/LUFA/Drivers/USB/Class/Device/CDC.o
                                                  DualVirtualSerial.o
CDC_Device_ReceiveByte                            ../LUFA_100219/LUFA/Drivers/USB/Class/Device/CDC.o
                                                  DualVirtualSerial.o
CDC_Device_SendByte                               ../LUFA_100219/LUFA/Drivers/USB/Class/Device/CDC.o
                                                  DualVirtualSerial.o
CDC_Device_SendControlLineStateChange             ../LUFA_100219/LUFA/Drivers/USB/Class/Device/CDC.o
CDC_Device_SendString                             ../LUFA_100219/LUFA/Drivers/USB/Class/Device/CDC.o
                                                  DualVirtualSerial.o
CDC_Device_USBTask                                ../LUFA_100219/LUFA/Drivers/USB/Class/Device/CDC.o
                                                  DualVirtualSerial.o
CheckJoystickMovement                             DualVirtualSerial.o
ConfigurationDescriptor                           Descriptors.o
DeviceDescriptor                                  Descriptors.o
EVENT_CDC_Device_ControLineStateChanged           ../LUFA_100219/LUFA/Drivers/USB/Class/Device/CDC.o
EVENT_CDC_Device_LineEncodingChanged              ../LUFA_100219/LUFA/Drivers/USB/Class/Device/CDC.o
EVENT_USB_Device_ConfigurationChanged             DualVirtualSerial.o
                                                  ../LUFA_100219/LUFA/Drivers/USB/LowLevel/DevChapter9.o
EVENT_USB_Device_Connect                          DualVirtualSerial.o
                                                  ../LUFA_100219/LUFA/Drivers/USB/HighLevel/USBInterrupt.o
EVENT_USB_Device_Disconnect                       DualVirtualSerial.o
                                                  ../LUFA_100219/LUFA/Drivers/USB/HighLevel/USBInterrupt.o
EVENT_USB_Device_Reset                            ../LUFA_100219/LUFA/Drivers/USB/HighLevel/Events.o
                                                  ../LUFA_100219/LUFA/Drivers/USB/HighLevel/USBInterrupt.o
EVENT_USB_Device_StartOfFrame                     ../LUFA_100219/LUFA/Drivers/USB/HighLevel/Events.o
                                                  ../LUFA_100219/LUFA/Drivers/USB/HighLevel/USBInterrupt.o
EVENT_USB_Device_Suspend                          ../LUFA_100219/LUFA/Drivers/USB/HighLevel/Events.o
                                                  ../LUFA_100219/LUFA/Drivers/USB/HighLevel/USBInterrupt.o
EVENT_USB_Device_UnhandledControlRequest          DualVirtualSerial.o
                                                  ../LUFA_100219/LUFA/Drivers/USB/LowLevel/DevChapter9.o
EVENT_USB_Device_WakeUp                           ../LUFA_100219/LUFA/Drivers/USB/HighLevel/Events.o
                                                  ../LUFA_100219/LUFA/Drivers/USB/HighLevel/USBInterrupt.o
Endpoint_BytesToEPSizeMaskDynamic                 ../LUFA_100219/LUFA/Drivers/USB/LowLevel/Endpoint.o
                                                  ../LUFA_100219/LUFA/Drivers/USB/Class/Device/CDC.o
Endpoint_ClearEndpoints                           ../LUFA_100219/LUFA/Drivers/USB/LowLevel/Endpoint.o
                                                  ../LUFA_100219/LUFA/Drivers/USB/HighLevel/USBInterrupt.o
Endpoint_ClearStatusStage                         ../LUFA_100219/LUFA/Drivers/USB/LowLevel/Endpoint.o
                                                  ../LUFA_100219/LUFA/Drivers/USB/Class/Device/CDC.o
                                                  ../LUFA_100219/LUFA/Drivers/USB/LowLevel/DevChapter9.o
Endpoint_ConfigureEndpoint_Prv                    ../LUFA_100219/LUFA/Drivers/USB/LowLevel/Endpoint.o
                                                  ../LUFA_100219/LUFA/Drivers/USB/Class/Device/CDC.o
                                                  ../LUFA_100219/LUFA/Drivers/USB/HighLevel/USBInterrupt.o
Endpoint_Discard_Stream                           ../LUFA_100219/LUFA/Drivers/USB/LowLevel/Endpoint.o
Endpoint_Read_Control_EStream_BE                  ../LUFA_100219/LUFA/Drivers/USB/LowLevel/Endpoint.o
Endpoint_Read_Control_EStream_LE                  ../LUFA_100219/LUFA/Drivers/USB/LowLevel/Endpoint.o
Endpoint_Read_Control_Stream_BE                   ../LUFA_100219/LUFA/Drivers/USB/LowLevel/Endpoint.o
Endpoint_Read_Control_Stream_LE                   ../LUFA_100219/LUFA/Drivers/USB/LowLevel/Endpoint.o
                                                  ../LUFA_100219/LUFA/Drivers/USB/Class/Device/CDC.o
Endpoint_Read_EStream_BE                          ../LUFA_100219/LUFA/Drivers/USB/LowLevel/Endpoint.o
Endpoint_Read_EStream_LE                          ../LUFA_100219/LUFA/Drivers/USB/LowLevel/Endpoint.o
Endpoint_Read_Stream_BE                           ../LUFA_100219/LUFA/Drivers/USB/LowLevel/Endpoint.o
Endpoint_Read_Stream_LE                           ../LUFA_100219/LUFA/Drivers/USB/LowLevel/Endpoint.o
Endpoint_WaitUntilReady                           ../LUFA_100219/LUFA/Drivers/USB/LowLevel/Endpoint.o
                                                  ../LUFA_100219/LUFA/Drivers/USB/Class/Device/CDC.o
Endpoint_Write_Control_EStream_BE                 ../LUFA_100219/LUFA/Drivers/USB/LowLevel/Endpoint.o
Endpoint_Write_Control_EStream_LE                 ../LUFA_100219/LUFA/Drivers/USB/LowLevel/Endpoint.o
Endpoint_Write_Control_PStream_BE                 ../LUFA_100219/LUFA/Drivers/USB/LowLevel/Endpoint.o
Endpoint_Write_Control_PStream_LE                 ../LUFA_100219/LUFA/Drivers/USB/LowLevel/Endpoint.o
                                                  ../LUFA_100219/LUFA/Drivers/USB/LowLevel/DevChapter9.o
Endpoint_Write_Control_Stream_BE                  ../LUFA_100219/LUFA/Drivers/USB/LowLevel/Endpoint.o
Endpoint_Write_Control_Stream_LE                  ../LUFA_100219/LUFA/Drivers/USB/LowLevel/Endpoint.o
                                                  ../LUFA_100219/LUFA/Drivers/USB/Class/Device/CDC.o
Endpoint_Write_EStream_BE                         ../LUFA_100219/LUFA/Drivers/USB/LowLevel/Endpoint.o
Endpoint_Write_EStream_LE                         ../LUFA_100219/LUFA/Drivers/USB/LowLevel/Endpoint.o
Endpoint_Write_PStream_BE                         ../LUFA_100219/LUFA/Drivers/USB/LowLevel/Endpoint.o
Endpoint_Write_PStream_LE                         ../LUFA_100219/LUFA/Drivers/USB/LowLevel/Endpoint.o
Endpoint_Write_Stream_BE                          ../LUFA_100219/LUFA/Drivers/USB/LowLevel/Endpoint.o
Endpoint_Write_Stream_LE                          ../LUFA_100219/LUFA/Drivers/USB/LowLevel/Endpoint.o
                                                  ../LUFA_100219/LUFA/Drivers/USB/Class/Device/CDC.o
LanguageString                                    Descriptors.o
ManufacturerString                                Descriptors.o
ProductString                                     Descriptors.o
SetupHardware                                     DualVirtualSerial.o
USB_ConfigurationNumber                           ../LUFA_100219/LUFA/Drivers/USB/HighLevel/USBInterrupt.o
                                                  ../LUFA_100219/LUFA/Drivers/USB/LowLevel/LowLevel.o
                                                  ../LUFA_100219/LUFA/Drivers/USB/LowLevel/DevChapter9.o
USB_ControlRequest                                ../LUFA_100219/LUFA/Drivers/USB/Class/Device/CDC.o
                                                  ../LUFA_100219/LUFA/Drivers/USB/HighLevel/USBTask.o
                                                  ../LUFA_100219/LUFA/Drivers/USB/LowLevel/Endpoint.o
                                                  ../LUFA_100219/LUFA/Drivers/USB/LowLevel/DevChapter9.o
USB_CurrentlySelfPowered                          ../LUFA_100219/LUFA/Drivers/USB/LowLevel/LowLevel.o
                                                  ../LUFA_100219/LUFA/Drivers/USB/LowLevel/DevChapter9.o
USB_DeviceState                                   ../LUFA_100219/LUFA/Drivers/USB/Class/Device/CDC.o
                                                  ../LUFA_100219/LUFA/Drivers/USB/HighLevel/USBTask.o
                                                  ../LUFA_100219/LUFA/Drivers/USB/HighLevel/USBInterrupt.o
                                                  ../LUFA_100219/LUFA/Drivers/USB/LowLevel/LowLevel.o
                                                  ../LUFA_100219/LUFA/Drivers/USB/LowLevel/Endpoint.o
                                                  ../LUFA_100219/LUFA/Drivers/USB/LowLevel/DevChapter9.o
USB_Device_ProcessControlRequest                  ../LUFA_100219/LUFA/Drivers/USB/LowLevel/DevChapter9.o
                                                  ../LUFA_100219/LUFA/Drivers/USB/HighLevel/USBTask.o
USB_Event_Stub                                    ../LUFA_100219/LUFA/Drivers/USB/HighLevel/Events.o
USB_GetNextDescriptorComp                         ../LUFA_100219/LUFA/Drivers/USB/HighLevel/ConfigDescriptor.o
USB_GetNextDescriptorOfType                       ../LUFA_100219/LUFA/Drivers/USB/HighLevel/ConfigDescriptor.o
USB_GetNextDescriptorOfTypeAfter                  ../LUFA_100219/LUFA/Drivers/USB/HighLevel/ConfigDescriptor.o
USB_GetNextDescriptorOfTypeBefore                 ../LUFA_100219/LUFA/Drivers/USB/HighLevel/ConfigDescriptor.o
USB_INT_ClearAllInterrupts                        ../LUFA_100219/LUFA/Drivers/USB/HighLevel/USBInterrupt.o
                                                  ../LUFA_100219/LUFA/Drivers/USB/LowLevel/LowLevel.o
USB_INT_DisableAllInterrupts                      ../LUFA_100219/LUFA/Drivers/USB/HighLevel/USBInterrupt.o
                                                  ../LUFA_100219/LUFA/Drivers/USB/LowLevel/LowLevel.o
USB_Init                                          ../LUFA_100219/LUFA/Drivers/USB/LowLevel/LowLevel.o
                                                  DualVirtualSerial.o
USB_IsInitialized                                 ../LUFA_100219/LUFA/Drivers/USB/HighLevel/USBTask.o
                                                  ../LUFA_100219/LUFA/Drivers/USB/LowLevel/LowLevel.o
USB_RemoteWakeupEnabled                           ../LUFA_100219/LUFA/Drivers/USB/LowLevel/LowLevel.o
                                                  ../LUFA_100219/LUFA/Drivers/USB/LowLevel/DevChapter9.o
USB_ResetInterface                                ../LUFA_100219/LUFA/Drivers/USB/LowLevel/LowLevel.o
USB_ShutDown                                      ../LUFA_100219/LUFA/Drivers/USB/LowLevel/LowLevel.o
USB_USBTask                                       ../LUFA_100219/LUFA/Drivers/USB/HighLevel/USBTask.o
                                                  ../LUFA_100219/LUFA/Drivers/USB/Class/Device/CDC.o
                                                  DualVirtualSerial.o
VirtualSerial1_CDC_Interface                      DualVirtualSerial.o
VirtualSerial2_CDC_Interface                      DualVirtualSerial.o
__bad_interrupt                                   c:/winavr-20100110/bin/../lib/gcc/avr/4.3.3/../../../../avr/lib/avr5/crtm32u4.o
__bss_end                                         c:/winavr-20100110/bin/../lib/gcc/avr/4.3.3/avr5\libgcc.a(_clear_bss.o)
__bss_start                                       c:/winavr-20100110/bin/../lib/gcc/avr/4.3.3/avr5\libgcc.a(_clear_bss.o)
__data_end                                        c:/winavr-20100110/bin/../lib/gcc/avr/4.3.3/avr5\libgcc.a(_copy_data.o)
__data_load_start                                 c:/winavr-20100110/bin/../lib/gcc/avr/4.3.3/avr5\libgcc.a(_copy_data.o)
__data_start                                      c:/winavr-20100110/bin/../lib/gcc/avr/4.3.3/avr5\libgcc.a(_copy_data.o)
__do_clear_bss                                    c:/winavr-20100110/bin/../lib/gcc/avr/4.3.3/avr5\libgcc.a(_clear_bss.o)
                                                  ../LUFA_100219/LUFA/Drivers/USB/HighLevel/USBTask.o
                                                  ../LUFA_100219/LUFA/Drivers/USB/LowLevel/DevChapter9.o
                                                  DualVirtualSerial.o
__do_copy_data                                    c:/winavr-20100110/bin/../lib/gcc/avr/4.3.3/avr5\libgcc.a(_copy_data.o)
                                                  ../LUFA_100219/LUFA/Drivers/USB/Class/Device/CDC.o
                                                  DualVirtualSerial.o
__eerd_byte_m32u4                                 c:/winavr-20100110/bin/../lib/gcc/avr/4.3.3/../../../../avr/lib/avr5\libc.a(eerd_byte_atmega32u4.o)
                                                  ../LUFA_100219/LUFA/Drivers/USB/LowLevel/Endpoint.o
__eewr_byte_m32u4                                 c:/winavr-20100110/bin/../lib/gcc/avr/4.3.3/../../../../avr/lib/avr5\libc.a(eewr_byte_atmega32u4.o)
                                                  ../LUFA_100219/LUFA/Drivers/USB/LowLevel/Endpoint.o
__eewr_r18_m32u4                                  c:/winavr-20100110/bin/../lib/gcc/avr/4.3.3/../../../../avr/lib/avr5\libc.a(eewr_byte_atmega32u4.o)
__heap_end                                        c:/winavr-20100110/bin/../lib/gcc/avr/4.3.3/../../../../avr/lib/avr5/crtm32u4.o
__init                                            c:/winavr-20100110/bin/../lib/gcc/avr/4.3.3/../../../../avr/lib/avr5/crtm32u4.o
__stack                                           c:/winavr-20100110/bin/../lib/gcc/avr/4.3.3/../../../../avr/lib/avr5/crtm32u4.o
__vector_1                                        c:/winavr-20100110/bin/../lib/gcc/avr/4.3.3/../../../../avr/lib/avr5/crtm32u4.o
__vector_10                                       ../LUFA_100219/LUFA/Drivers/USB/HighLevel/USBInterrupt.o
                                                  c:/winavr-20100110/bin/../lib/gcc/avr/4.3.3/../../../../avr/lib/avr5/crtm32u4.o
__vector_11                                       c:/winavr-20100110/bin/../lib/gcc/avr/4.3.3/../../../../avr/lib/avr5/crtm32u4.o
__vector_12                                       c:/winavr-20100110/bin/../lib/gcc/avr/4.3.3/../../../../avr/lib/avr5/crtm32u4.o
__vector_13                                       c:/winavr-20100110/bin/../lib/gcc/avr/4.3.3/../../../../avr/lib/avr5/crtm32u4.o
__vector_14                                       c:/winavr-20100110/bin/../lib/gcc/avr/4.3.3/../../../../avr/lib/avr5/crtm32u4.o
__vector_15                                       c:/winavr-20100110/bin/../lib/gcc/avr/4.3.3/../../../../avr/lib/avr5/crtm32u4.o
__vector_16                                       c:/winavr-20100110/bin/../lib/gcc/avr/4.3.3/../../../../avr/lib/avr5/crtm32u4.o
__vector_17                                       c:/winavr-20100110/bin/../lib/gcc/avr/4.3.3/../../../../avr/lib/avr5/crtm32u4.o
__vector_18                                       c:/winavr-20100110/bin/../lib/gcc/avr/4.3.3/../../../../avr/lib/avr5/crtm32u4.o
__vector_19                                       c:/winavr-20100110/bin/../lib/gcc/avr/4.3.3/../../../../avr/lib/avr5/crtm32u4.o
__vector_2                                        c:/winavr-20100110/bin/../lib/gcc/avr/4.3.3/../../../../avr/lib/avr5/crtm32u4.o
__vector_20                                       c:/winavr-20100110/bin/../lib/gcc/avr/4.3.3/../../../../avr/lib/avr5/crtm32u4.o
__vector_21                                       c:/winavr-20100110/bin/../lib/gcc/avr/4.3.3/../../../../avr/lib/avr5/crtm32u4.o
__vector_22                                       c:/winavr-20100110/bin/../lib/gcc/avr/4.3.3/../../../../avr/lib/avr5/crtm32u4.o
__vector_23                                       c:/winavr-20100110/bin/../lib/gcc/avr/4.3.3/../../../../avr/lib/avr5/crtm32u4.o
__vector_24                                       c:/winavr-20100110/bin/../lib/gcc/avr/4.3.3/../../../../avr/lib/avr5/crtm32u4.o
__vector_25                                       c:/winavr-20100110/bin/../lib/gcc/avr/4.3.3/../../../../avr/lib/avr5/crtm32u4.o
__vector_26                                       c:/winavr-20100110/bin/../lib/gcc/avr/4.3.3/../../../../avr/lib/avr5/crtm32u4.o
__vector_27                                       c:/winavr-20100110/bin/../lib/gcc/avr/4.3.3/../../../../avr/lib/avr5/crtm32u4.o
__vector_28                                       c:/winavr-20100110/bin/../lib/gcc/avr/4.3.3/../../../../avr/lib/avr5/crtm32u4.o
__vector_29                                       c:/winavr-20100110/bin/../lib/gcc/avr/4.3.3/../../../../avr/lib/avr5/crtm32u4.o
__vector_3                                        c:/winavr-20100110/bin/../lib/gcc/avr/4.3.3/../../../../avr/lib/avr5/crtm32u4.o
__vector_30                                       c:/winavr-20100110/bin/../lib/gcc/avr/4.3.3/../../../../avr/lib/avr5/crtm32u4.o
__vector_31                                       c:/winavr-20100110/bin/../lib/gcc/avr/4.3.3/../../../../avr/lib/avr5/crtm32u4.o
__vector_32                                       c:/winavr-20100110/bin/../lib/gcc/avr/4.3.3/../../../../avr/lib/avr5/crtm32u4.o
__vector_33                                       c:/winavr-20100110/bin/../lib/gcc/avr/4.3.3/../../../../avr/lib/avr5/crtm32u4.o
__vector_34                                       c:/winavr-20100110/bin/../lib/gcc/avr/4.3.3/../../../../avr/lib/avr5/crtm32u4.o
__vector_35                                       c:/winavr-20100110/bin/../lib/gcc/avr/4.3.3/../../../../avr/lib/avr5/crtm32u4.o
__vector_36                                       c:/winavr-20100110/bin/../lib/gcc/avr/4.3.3/../../../../avr/lib/avr5/crtm32u4.o
__vector_37                                       c:/winavr-20100110/bin/../lib/gcc/avr/4.3.3/../../../../avr/lib/avr5/crtm32u4.o
__vector_38                                       c:/winavr-20100110/bin/../lib/gcc/avr/4.3.3/../../../../avr/lib/avr5/crtm32u4.o
__vector_39                                       c:/winavr-20100110/bin/../lib/gcc/avr/4.3.3/../../../../avr/lib/avr5/crtm32u4.o
__vector_4                                        c:/winavr-20100110/bin/../lib/gcc/avr/4.3.3/../../../../avr/lib/avr5/crtm32u4.o
__vector_40                                       c:/winavr-20100110/bin/../lib/gcc/avr/4.3.3/../../../../avr/lib/avr5/crtm32u4.o
__vector_41                                       c:/winavr-20100110/bin/../lib/gcc/avr/4.3.3/../../../../avr/lib/avr5/crtm32u4.o
__vector_42                                       c:/winavr-20100110/bin/../lib/gcc/avr/4.3.3/../../../../avr/lib/avr5/crtm32u4.o
__vector_5                                        c:/winavr-20100110/bin/../lib/gcc/avr/4.3.3/../../../../avr/lib/avr5/crtm32u4.o
__vector_6                                        c:/winavr-20100110/bin/../lib/gcc/avr/4.3.3/../../../../avr/lib/avr5/crtm32u4.o
__vector_7                                        c:/winavr-20100110/bin/../lib/gcc/avr/4.3.3/../../../../avr/lib/avr5/crtm32u4.o
__vector_8                                        c:/winavr-20100110/bin/../lib/gcc/avr/4.3.3/../../../../avr/lib/avr5/crtm32u4.o
__vector_9                                        c:/winavr-20100110/bin/../lib/gcc/avr/4.3.3/../../../../avr/lib/avr5/crtm32u4.o
__vector_default                                  c:/winavr-20100110/bin/../lib/gcc/avr/4.3.3/../../../../avr/lib/avr5/crtm32u4.o
__vectors                                         c:/winavr-20100110/bin/../lib/gcc/avr/4.3.3/../../../../avr/lib/avr5/crtm32u4.o
_exit                                             c:/winavr-20100110/bin/../lib/gcc/avr/4.3.3/avr5\libgcc.a(_exit.o)
exit                                              c:/winavr-20100110/bin/../lib/gcc/avr/4.3.3/avr5\libgcc.a(_exit.o)
                                                  c:/winavr-20100110/bin/../lib/gcc/avr/4.3.3/../../../../avr/lib/avr5/crtm32u4.o
main                                              DualVirtualSerial.o
                                                  c:/winavr-20100110/bin/../lib/gcc/avr/4.3.3/../../../../avr/lib/avr5/crtm32u4.o
